Component: ARM Compiler 5.05 update 1 (build 106) Tool: armlink [4d0efa]

==============================================================================

Section Cross References

    main.o(i.led0_thread_entry) refers to delay.o(i.delay_ms) for delay_ms
    main.o(i.led1_thread_entry) refers to delay.o(i.delay_ms) for delay_ms
    main.o(i.led1_thread_entry) refers to kservice.o(i.rt_kprintf) for rt_kprintf
    main.o(i.led1_thread_entry) refers to spi_slave.o(.data) for Pose_Trans
    main.o(i.led1_thread_entry) refers to spi_slave.o(.bss) for run_posture
    main.o(i.main) refers to context_rvds.o(.text) for rt_hw_interrupt_disable
    main.o(i.main) refers to led.o(i.LED_Init) for LED_Init
    main.o(i.main) refers to delay.o(i.delay_us) for delay_us
    main.o(i.main) refers to spi_slave.o(i.SPI_Slave_TIMode_Init) for SPI_Slave_TIMode_Init
    main.o(i.main) refers to thread.o(i.rt_thread_init) for rt_thread_init
    main.o(i.main) refers to thread.o(i.rt_thread_startup) for rt_thread_startup
    main.o(i.main) refers to main.o(.bss) for rt_led0_thread_stack
    main.o(i.main) refers to main.o(i.led0_thread_entry) for led0_thread_entry
    main.o(i.main) refers to main.o(i.led1_thread_entry) for led1_thread_entry
    system_stm32f4xx.o(i.SystemCoreClockUpdate) refers to system_stm32f4xx.o(.data) for SystemCoreClock
    system_stm32f4xx.o(i.SystemInit) refers to system_stm32f4xx.o(i.SetSysClock) for SetSysClock
    test.o(i.DS18B20_test) refers to _printf_pad.o(.text) for _printf_pre_padding
    test.o(i.DS18B20_test) refers to _printf_percent.o(.ARM.Collect$$_printf_percent$$00000000) for _printf_percent
    test.o(i.DS18B20_test) refers to _printf_f.o(.ARM.Collect$$_printf_percent$$00000003) for _printf_f
    test.o(i.DS18B20_test) refers to printf1.o(x$fpl$printf1) for _printf_fp_dec
    test.o(i.DS18B20_test) refers to ds18b20.o(i.DS18B20_Search_Rom) for DS18B20_Search_Rom
    test.o(i.DS18B20_test) refers to ds18b20.o(i.DS18B20_Get_Temp) for DS18B20_Get_Temp
    test.o(i.DS18B20_test) refers to delay.o(i.delay_us) for delay_us
    test.o(i.DS18B20_test) refers to f2d.o(x$fpl$f2d) for __aeabi_f2d
    test.o(i.DS18B20_test) refers to noretval__2sprintf.o(.text) for __2sprintf
    test.o(i.DS18B20_test) refers to rf.o(i.AHRS_Tx_Enable) for AHRS_Tx_Enable
    test.o(i.LED_Test) refers to delay.o(i.delay_ms) for delay_ms
    test.o(i.delay_test) refers to stm32f4xx_rcc.o(i.RCC_AHB1PeriphClockCmd) for RCC_AHB1PeriphClockCmd
    test.o(i.delay_test) refers to stm32f4xx_gpio.o(i.GPIO_Init) for GPIO_Init
    test.o(i.delay_test) refers to delay.o(i.delay_us) for delay_us
    test.o(i.leak_Test) refers to context_rvds.o(.text) for rt_hw_interrupt_disable
    test.o(i.leak_Test) refers to stm32f4xx_gpio.o(i.GPIO_ReadInputDataBit) for GPIO_ReadInputDataBit
    startup_stm32f40_41xxx.o(STACK) refers (Special) to heapauxi.o(.text) for __use_two_region_memory
    startup_stm32f40_41xxx.o(HEAP) refers (Special) to heapauxi.o(.text) for __use_two_region_memory
    startup_stm32f40_41xxx.o(RESET) refers (Special) to heapauxi.o(.text) for __use_two_region_memory
    startup_stm32f40_41xxx.o(RESET) refers to startup_stm32f40_41xxx.o(STACK) for __initial_sp
    startup_stm32f40_41xxx.o(RESET) refers to startup_stm32f40_41xxx.o(.text) for Reset_Handler
    startup_stm32f40_41xxx.o(RESET) refers to stm32f4xx_it.o(i.NMI_Handler) for NMI_Handler
    startup_stm32f40_41xxx.o(RESET) refers to context_rvds.o(.text) for HardFault_Handler
    startup_stm32f40_41xxx.o(RESET) refers to stm32f4xx_it.o(i.MemManage_Handler) for MemManage_Handler
    startup_stm32f40_41xxx.o(RESET) refers to stm32f4xx_it.o(i.BusFault_Handler) for BusFault_Handler
    startup_stm32f40_41xxx.o(RESET) refers to stm32f4xx_it.o(i.UsageFault_Handler) for UsageFault_Handler
    startup_stm32f40_41xxx.o(RESET) refers to stm32f4xx_it.o(i.SVC_Handler) for SVC_Handler
    startup_stm32f40_41xxx.o(RESET) refers to stm32f4xx_it.o(i.DebugMon_Handler) for DebugMon_Handler
    startup_stm32f40_41xxx.o(RESET) refers to board.o(i.SysTick_Handler) for SysTick_Handler
    startup_stm32f40_41xxx.o(RESET) refers to leak.o(i.EXTI3_IRQHandler) for EXTI3_IRQHandler
    startup_stm32f40_41xxx.o(RESET) refers to rf.o(i.DMA1_Stream6_IRQHandler) for DMA1_Stream6_IRQHandler
    startup_stm32f40_41xxx.o(RESET) refers to can1.o(i.CAN1_RX0_IRQHandler) for CAN1_RX0_IRQHandler
    startup_stm32f40_41xxx.o(RESET) refers to spi_slave.o(i.SPI1_IRQHandler) for SPI1_IRQHandler
    startup_stm32f40_41xxx.o(RESET) refers to rf.o(i.USART2_IRQHandler) for USART2_IRQHandler
    startup_stm32f40_41xxx.o(RESET) refers to leak.o(i.EXTI15_10_IRQHandler) for EXTI15_10_IRQHandler
    startup_stm32f40_41xxx.o(RESET) refers to sd.o(i.SDIO_IRQHandler) for SDIO_IRQHandler
    startup_stm32f40_41xxx.o(RESET) refers to print_uart.o(i.UART4_IRQHandler) for UART4_IRQHandler
    startup_stm32f40_41xxx.o(RESET) refers to can2.o(i.CAN2_RX0_IRQHandler) for CAN2_RX0_IRQHandler
[...]
    i.USB_OTG_USBH_handle_rx_qlvl_ISR        0x080025e6   Section        0  usb_hcd_int.o(i.USB_OTG_USBH_handle_rx_qlvl_ISR)
    USB_OTG_USBH_handle_rx_qlvl_ISR          0x080025e7   Thumb Code   356  usb_hcd_int.o(i.USB_OTG_USBH_handle_rx_qlvl_ISR)
    i.USB_OTG_USBH_handle_sof_ISR            0x0800274c   Section        0  usb_hcd_int.o(i.USB_OTG_USBH_handle_sof_ISR)
    USB_OTG_USBH_handle_sof_ISR              0x0800274d   Thumb Code    38  usb_hcd_int.o(i.USB_OTG_USBH_handle_sof_ISR)
    i.USB_OTG_WritePacket                    0x08002778   Section        0  usb_core.o(i.USB_OTG_WritePacket)
    i.UsageFault_Handler                     0x080027b8   Section        0  stm32f4xx_it.o(i.UsageFault_Handler)
    i._SysTick_Config                        0x080027bc   Section        0  board.o(i._SysTick_Config)
    _SysTick_Config                          0x080027bd   Thumb Code    44  board.o(i._SysTick_Config)
    i.__rt_ffs                               0x080027ec   Section        0  kservice.o(i.__rt_ffs)
    i._has_defunct_thread                    0x08002838   Section        0  idle.o(i._has_defunct_thread)
    _has_defunct_thread                      0x08002839   Thumb Code    16  idle.o(i._has_defunct_thread)
    i._rt_thread_init                        0x0800284c   Section        0  thread.o(i._rt_thread_init)
    _rt_thread_init                          0x0800284d   Thumb Code   124  thread.o(i._rt_thread_init)
    i._rt_timer_init                         0x080028d0   Section        0  timer.o(i._rt_timer_init)
    _rt_timer_init                           0x080028d1   Thumb Code    66  timer.o(i._rt_timer_init)
    i._rt_timer_remove                       0x08002912   Section        0  timer.o(i._rt_timer_remove)
    _rt_timer_remove                         0x08002913   Thumb Code    46  timer.o(i._rt_timer_remove)
    i._sys_exit                              0x08002940   Section        0  print_uart.o(i._sys_exit)
    i.delay_init                             0x08002944   Section        0  delay.o(i.delay_init)
    i.delay_ms                               0x0800296c   Section        0  delay.o(i.delay_ms)
    i.delay_osschedlock                      0x08002a1c   Section        0  delay.o(i.delay_osschedlock)
    i.delay_osschedunlock                    0x08002a24   Section        0  delay.o(i.delay_osschedunlock)
    i.delay_us                               0x08002a2c   Section        0  delay.o(i.delay_us)
    i.led0_thread_entry                      0x08002a84   Section        0  main.o(i.led0_thread_entry)
    led0_thread_entry                        0x08002a85   Thumb Code    36  main.o(i.led0_thread_entry)
    i.led1_thread_entry                      0x08002aac   Section        0  main.o(i.led1_thread_entry)
    led1_thread_entry                        0x08002aad   Thumb Code    80  main.o(i.led1_thread_entry)
    i.main                                   0x08002b20   Section        0  main.o(i.main)
    i.main_thread_entry                      0x08002bd4   Section        0  components.o(i.main_thread_entry)
    i.plug_holes                             0x08002be4   Section        0  mem.o(i.plug_holes)
    plug_holes                               0x08002be5   Thumb Code   108  mem.o(i.plug_holes)
    i.print_number                           0x08002c5c   Section        0  kservice.o(i.print_number)
    print_number                             0x08002c5d   Thumb Code   388  kservice.o(i.print_number)
    i.rt_application_init                    0x08002de8   Section        0  components.o(i.rt_application_init)
    i.rt_components_board_init               0x08002e18   Section        0  components.o(i.rt_components_board_init)
    i.rt_components_init                     0x08002e34   Section        0  components.o(i.rt_components_init)
    i.rt_enter_critical                      0x08002e50   Section        0  scheduler.o(i.rt_enter_critical)
    i.rt_exit_critical                       0x08002e70   Section        0  scheduler.o(i.rt_exit_critical)
    i.rt_free                                0x08002eac   Section        0  mem.o(i.rt_free)
    i.rt_heap_begin_get                      0x08002f24   Section        0  board.o(i.rt_heap_begin_get)
    rt_heap_begin_get                        0x08002f25   Thumb Code     4  board.o(i.rt_heap_begin_get)
    i.rt_heap_end_get                        0x08002f2c   Section        0  board.o(i.rt_heap_end_get)
    rt_heap_end_get                          0x08002f2d   Thumb Code     4  board.o(i.rt_heap_end_get)
    i.rt_hw_board_init                       0x08002f34   Section        0  board.o(i.rt_hw_board_init)
    i.rt_hw_console_output                   0x08002f88   Section        0  print_uart.o(i.rt_hw_console_output)
    i.rt_hw_hard_fault_exception             0x08002fd8   Section        0  cpuport.o(i.rt_hw_hard_fault_exception)
    i.rt_hw_stack_init                       0x080030e4   Section        0  cpuport.o(i.rt_hw_stack_init)
    i.rt_interrupt_enter                     0x08003134   Section        0  irq.o(i.rt_interrupt_enter)
    i.rt_interrupt_leave                     0x08003154   Section        0  irq.o(i.rt_interrupt_leave)
    i.rt_ipc_list_resume                     0x08003174   Section        0  ipc.o(i.rt_ipc_list_resume)
    rt_ipc_list_resume                       0x08003175   Thumb Code    20  ipc.o(i.rt_ipc_list_resume)
    i.rt_ipc_list_suspend                    0x08003188   Section        0  ipc.o(i.rt_ipc_list_suspend)
    rt_ipc_list_suspend                      0x08003189   Thumb Code   108  ipc.o(i.rt_ipc_list_suspend)
    i.rt_ipc_object_init                     0x080031f4   Section        0  ipc.o(i.rt_ipc_object_init)
    rt_ipc_object_init                       0x080031f5   Thumb Code    16  ipc.o(i.rt_ipc_object_init)
    i.rt_kprintf                             0x08003204   Section        0  kservice.o(i.rt_kprintf)
    i.rt_list_init                           0x08003234   Section        0  ipc.o(i.rt_list_init)
    rt_list_init                             0x08003235   Thumb Code     6  ipc.o(i.rt_list_init)
    i.rt_list_init                           0x0800323a   Section        0  scheduler.o(i.rt_list_init)
    rt_list_init                             0x0800323b   Thumb Code     6  scheduler.o(i.rt_list_init)
    i.rt_list_init                           0x08003240   Section        0  timer.o(i.rt_list_init)
    rt_list_init                             0x08003241   Thumb Code     6  timer.o(i.rt_list_init)
    i.rt_list_insert_after                   0x08003246   Section        0  object.o(i.rt_list_insert_after)
    rt_list_insert_after                     0x08003247   Thumb Code    14  object.o(i.rt_list_insert_after)
    i.rt_list_insert_after                   0x08003254   Section        0  thread.o(i.rt_list_insert_after)
    rt_list_insert_after                     0x08003255   Thumb Code    14  thread.o(i.rt_list_insert_after)
    i.rt_list_insert_after                   0x08003262   Section        0  timer.o(i.rt_list_insert_after)
    rt_list_insert_after                     0x08003263   Thumb Code    14  timer.o(i.rt_list_insert_after)
    i.rt_list_insert_before                  0x08003270   Section        0  ipc.o(i.rt_list_insert_before)
    rt_list_insert_before                    0x08003271   Thumb Code    14  ipc.o(i.rt_list_insert_before)
    i.rt_list_isempty                        0x0800327e   Section        0  ipc.o(i.rt_list_isempty)
    rt_list_isempty                          0x0800327f   Thumb Code    16  ipc.o(i.rt_list_isempty)
    i.rt_list_isempty                        0x0800328e   Section        0  timer.o(i.rt_list_isempty)
    rt_list_isempty                          0x0800328f   Thumb Code    16  timer.o(i.rt_list_isempty)
    i.rt_list_remove                         0x0800329e   Section        0  object.o(i.rt_list_remove)
    rt_list_remove                           0x0800329f   Thumb Code    18  object.o(i.rt_list_remove)
    i.rt_list_remove                         0x080032b0   Section        0  thread.o(i.rt_list_remove)
    rt_list_remove                           0x080032b1   Thumb Code    18  thread.o(i.rt_list_remove)
    i.rt_malloc                              0x080032c4   Section        0  mem.o(i.rt_malloc)
    i.rt_memcpy                              0x08003430   Section        0  kservice.o(i.rt_memcpy)
    i.rt_memset                              0x080034ac   Section        0  kservice.o(i.rt_memset)
    i.rt_object_allocate                     0x080034f4   Section        0  object.o(i.rt_object_allocate)
    i.rt_object_delete                       0x08003540   Section        0  object.o(i.rt_object_delete)
    i.rt_object_detach                       0x08003560   Section        0  object.o(i.rt_object_detach)
    i.rt_object_init                         0x0800357c   Section        0  object.o(i.rt_object_init)
    i.rt_object_is_systemobject              0x080035bc   Section        0  object.o(i.rt_object_is_systemobject)
    i.rt_schedule                            0x080035d0   Section        0  scheduler.o(i.rt_schedule)
    i.rt_schedule_insert_thread              0x0800364c   Section        0  scheduler.o(i.rt_schedule_insert_thread)
    i.rt_schedule_remove_thread              0x08003694   Section        0  scheduler.o(i.rt_schedule_remove_thread)
    i.rt_sem_init                            0x080036e8   Section        0  ipc.o(i.rt_sem_init)
    i.rt_sem_release                         0x0800370e   Section        0  ipc.o(i.rt_sem_release)
    i.rt_sem_take                            0x08003748   Section        0  ipc.o(i.rt_sem_take)
    i.rt_show_version                        0x080037bc   Section        0  kservice.o(i.rt_show_version)
    i.rt_strlen                              0x0800386c   Section        0  kservice.o(i.rt_strlen)
    i.rt_strncpy                             0x0800387e   Section        0  kservice.o(i.rt_strncpy)
    i.rt_system_heap_init                    0x080038b4   Section        0  mem.o(i.rt_system_heap_init)
    i.rt_system_scheduler_init               0x080039ac   Section        0  scheduler.o(i.rt_system_scheduler_init)
    i.rt_system_scheduler_start              0x080039f8   Section        0  scheduler.o(i.rt_system_scheduler_start)
    i.rt_system_timer_init                   0x08003a28   Section        0  timer.o(i.rt_system_timer_init)
    i.rt_system_timer_thread_init            0x08003a44   Section        0  timer.o(i.rt_system_timer_thread_init)
    i.rt_thread_create                       0x08003a46   Section        0  thread.o(i.rt_thread_create)
    i.rt_thread_delay                        0x08003a96   Section        0  thread.o(i.rt_thread_delay)
    i.rt_thread_exit                         0x08003aa4   Section        0  thread.o(i.rt_thread_exit)
    i.rt_thread_idle_entry                   0x08003af8   Section        0  idle.o(i.rt_thread_idle_entry)
    rt_thread_idle_entry                     0x08003af9   Thumb Code     8  idle.o(i.rt_thread_idle_entry)
    i.rt_thread_idle_excute                  0x08003b00   Section        0  idle.o(i.rt_thread_idle_excute)
    i.rt_thread_idle_init                    0x08003b78   Section        0  idle.o(i.rt_thread_idle_init)
    i.rt_thread_init                         0x08003bb4   Section        0  thread.o(i.rt_thread_init)
    i.rt_thread_resume                       0x08003be8   Section        0  thread.o(i.rt_thread_resume)
    i.rt_thread_self                         0x08003c20   Section        0  thread.o(i.rt_thread_self)
    i.rt_thread_sleep                        0x08003c2c   Section        0  thread.o(i.rt_thread_sleep)
    i.rt_thread_startup                      0x08003c70   Section        0  thread.o(i.rt_thread_startup)
    i.rt_thread_suspend                      0x08003c9c   Section        0  thread.o(i.rt_thread_suspend)
    i.rt_thread_timeout                      0x08003cd2   Section        0  thread.o(i.rt_thread_timeout)
    i.rt_thread_yield                        0x08003cf4   Section        0  thread.o(i.rt_thread_yield)
    i.rt_tick_get                            0x08003d54   Section        0  clock.o(i.rt_tick_get)
    i.rt_tick_increase                       0x08003d60   Section        0  clock.o(i.rt_tick_increase)
    i.rt_timer_check                         0x08003d90   Section        0  timer.o(i.rt_timer_check)
    i.rt_timer_control                       0x08003e0c   Section        0  timer.o(i.rt_timer_control)
    i.rt_timer_detach                        0x08003e44   Section        0  timer.o(i.rt_timer_detach)
    i.rt_timer_init                          0x08003e64   Section        0  timer.o(i.rt_timer_init)
    i.rt_timer_start                         0x08003e94   Section        0  timer.o(i.rt_timer_start)
    i.rt_timer_stop                          0x08003f8c   Section        0  timer.o(i.rt_timer_stop)
    i.rt_vsnprintf                           0x08003fbc   Section        0  kservice.o(i.rt_vsnprintf)
    i.rti_board_end                          0x080042e4   Section        0  components.o(i.rti_board_end)
    rti_board_end                            0x080042e5   Thumb Code     4  components.o(i.rti_board_end)
    i.rti_board_start                        0x080042e8   Section        0  components.o(i.rti_board_start)
    rti_board_start                          0x080042e9   Thumb Code     4  components.o(i.rti_board_start)
    i.rti_end                                0x080042ec   Section        0  components.o(i.rti_end)
    rti_end                                  0x080042ed   Thumb Code     4  components.o(i.rti_end)
    i.rtthread_startup                       0x080042f0   Section        0  components.o(i.rtthread_startup)
    i.skip_atoi                              0x0800431a   Section        0  kservice.o(i.skip_atoi)
    skip_atoi                                0x0800431b   Thumb Code    38  kservice.o(i.skip_atoi)
    i.uart4_init                             0x08004340   Section        0  print_uart.o(i.uart4_init)
    x$fpl$fpinit                             0x080043ec   Section       10  fpinit.o(x$fpl$fpinit)
    $v0                                      0x080043ec   Number         0  fpinit.o(x$fpl$fpinit)
    .constdata                               0x080043f6   Section      290  kservice.o(.constdata)
    small_digits                             0x080044f6   Data          17  kservice.o(.constdata)
    large_digits                             0x08004507   Data          17  kservice.o(.constdata)
    .constdata                               0x08004518   Section      256  crc8.o(.constdata)
    .rti_fn.0.end                            0x08004618   Section        4  components.o(.rti_fn.0.end)
    .rti_fn.1.end                            0x0800461c   Section        4  components.o(.rti_fn.1.end)
    .rti_fn.6.end                            0x08004620   Section        4  components.o(.rti_fn.6.end)
    .data                                    0x20000000   Section       20  system_stm32f4xx.o(.data)
    .data                                    0x20000014   Section       16  stm32f4xx_rcc.o(.data)
    APBAHBPrescTable                         0x20000014   Data          16  stm32f4xx_rcc.o(.data)
    .data                                    0x20000024   Section        4  clock.o(.data)
    rt_tick                                  0x20000024   Data           4  clock.o(.data)
    .data                                    0x20000028   Section       16  cpuport.o(.data)
    rt_exception_hook                        0x20000034   Data           4  cpuport.o(.data)
    .data                                    0x20000038   Section        1  irq.o(.data)
    .data                                    0x2000003c   Section       24  mem.o(.data)
    heap_ptr                                 0x2000003c   Data           4  mem.o(.data)
    heap_end                                 0x20000040   Data           4  mem.o(.data)
    lfree                                    0x20000044   Data           4  mem.o(.data)
    mem_size_aligned                         0x20000048   Data           4  mem.o(.data)
    used_mem                                 0x2000004c   Data           4  mem.o(.data)
    max_mem                                  0x20000050   Data           4  mem.o(.data)
    .data                                    0x20000054   Section       80  object.o(.data)
    .data                                    0x200000a4   Section       24  scheduler.o(.data)
    rt_scheduler_lock_nest                   0x200000a4   Data           2  scheduler.o(.data)
    .data                                    0x200000bc   Section       12  timer.o(.data)
    rt_timer_list                            0x200000bc   Data           8  timer.o(.data)
    random_nr                                0x200000c4   Data           4  timer.o(.data)
    .data                                    0x200000c8   Section        5  delay.o(.data)
    fac_us                                   0x200000c8   Data           2  delay.o(.data)
    fac_ms                                   0x200000ca   Data           2  delay.o(.data)
    .data                                    0x200000d0   Section       16  sd.o(.data)
    CardType                                 0x200000d0   Data           1  sd.o(.data)
    RCA                                      0x200000d4   Data           4  sd.o(.data)
    DeviceMode                               0x200000d8   Data           1  sd.o(.data)
    StopCondition                            0x200000d9   Data           1  sd.o(.data)
    .data                                    0x200000e0   Section        8  print_uart.o(.data)
    .data                                    0x200000e8   Section        1  leak.o(.data)
    .data                                    0x200000e9   Section        2  rf.o(.data)
    .data                                    0x200000eb   Section        9  spi_slave.o(.data)
    .data                                    0x200000f4   Section        1  wdg.o(.data)
    .data                                    0x200000f8   Section       18  usbh_core.o(.data)
    timeout                                  0x20000108   Data           2  usbh_core.o(.data)
    .bss                                     0x2000010c   Section     3904  main.o(.bss)
    led0_thread                              0x2000010c   Data         128  main.o(.bss)
    led1_thread                              0x2000018c   Data         128  main.o(.bss)
    rt_led0_thread_stack                     0x2000020c   Data        1024  main.o(.bss)
    rt_led1_thread_stack                     0x2000060c   Data        1024  main.o(.bss)
    .bss                                     0x2000104c   Section     8192  board.o(.bss)
    rt_heap                                  0x2000104c   Data        8192  board.o(.bss)
    .bss                                     0x2000304c   Section      384  idle.o(.bss)
    idle                                     0x2000304c   Data         128  idle.o(.bss)
    rt_thread_stack                          0x200030cc   Data         256  idle.o(.bss)
    .bss                                     0x200031cc   Section      128  kservice.o(.bss)
    rt_log_buf                               0x200031cc   Data         128  kservice.o(.bss)
    .bss                                     0x2000324c   Section       32  mem.o(.bss)
    heap_sem                                 0x2000324c   Data          32  mem.o(.bss)
    .bss                                     0x2000326c   Section      240  scheduler.o(.bss)
    .bss                                     0x20003360   Section      704  sd.o(.bss)
    CSD_Tab                                  0x200033a4   Data          16  sd.o(.bss)
    CID_Tab                                  0x200033b4   Data          16  sd.o(.bss)
    .bss                                     0x20003620   Section       17  print_uart.o(.bss)
    .bss                                     0x20003634   Section       32  leak.o(.bss)
    .bss                                     0x20003654   Section      192  rf.o(.bss)
    .bss                                     0x20003714   Section      108  spi_slave.o(.bss)
    .bss                                     0x20003780   Section       96  libspace.o(.bss)
    HEAP                                     0x200037e0   Section      512  startup_stm32f40_41xxx.o(HEAP)
    Heap_Mem                                 0x200037e0   Data         512  startup_stm32f40_41xxx.o(HEAP)
    STACK                                    0x200039e0   Section     1024  startup_stm32f40_41xxx.o(STACK)
    Stack_Mem                                0x200039e0   Data        1024  startup_stm32f40_41xxx.o(STACK)
    __initial_sp                             0x20003de0   Data           0  startup_stm32f40_41xxx.o(STACK)

    Global Symbols

    Symbol Name                              Value     Ov Type        Size  Object(Section)

    BuildAttributes$$THM_ISAv4$E$P$D$K$B$S$7EM$VFPi3$EXTD16$VFPS$VFMA$PE$A:L22UL41UL21$X:L11$S22US41US21$IEEE1$IW$USESV6$~STKCKD$USESV7$~SHL$OTIME$ROPI$IEEEJ$EBA8$UX$STANDARDLIB$REQ8$PRES8$EABIv2 0x00000000   Number         0  anon$$obj.o ABSOLUTE
    __ARM_use_no_argv                        0x00000000   Number         0  main.o ABSOLUTE
    _printf_flags                            0x00000000   Number         0  printf_stubs.o ABSOLUTE
    _printf_return_value                     0x00000000   Number         0  printf_stubs.o ABSOLUTE
    _printf_sizespec                         0x00000000   Number         0  printf_stubs.o ABSOLUTE
    _printf_widthprec                        0x00000000   Number         0  printf_stubs.o ABSOLUTE
    __ARM_exceptions_init                     - Undefined Weak Reference
    __alloca_initialize                       - Undefined Weak Reference
    __arm_preinit_                            - Undefined Weak Reference
    __cpp_initialize__aeabi_                  - Undefined Weak Reference
    __cxa_finalize                            - Undefined Weak Reference
    __sigvec_lookup                           - Undefined Weak Reference
    _atexit_init                              - Undefined Weak Reference
    _call_atexit_fns                          - Undefined Weak Reference
    _clock_init                               - Undefined Weak Reference
    _fp_trap_init                             - Undefined Weak Reference
    _fp_trap_shutdown                         - Undefined Weak Reference
    _get_lc_collate                           - Undefined Weak Reference
    _get_lc_ctype                             - Undefined Weak Reference
    _get_lc_monetary                          - Undefined Weak Reference
    _get_lc_time                              - Undefined Weak Reference
    _getenv_init                              - Undefined Weak Reference
    _handle_redirection                       - Undefined Weak Reference
    _init_alloc                               - Undefined Weak Reference
    _init_user_alloc                          - Undefined Weak Reference
    _initio                                   - Undefined Weak Reference
    _rand_init                                - Undefined Weak Reference
    _signal_finish                            - Undefined Weak Reference
    _signal_init                              - Undefined Weak Reference
    _terminate_alloc                          - Undefined Weak Reference
    _terminate_user_alloc                     - Undefined Weak Reference
    _terminateio                              - Undefined Weak Reference
    __Vectors_Size                           0x00000188   Number         0  startup_stm32f40_41xxx.o ABSOLUTE
    __Vectors                                0x08000000   Data           4  startup_stm32f40_41xxx.o(RESET)
    __Vectors_End                            0x08000188   Data           0  startup_stm32f40_41xxx.o(RESET)
    __main                                   0x08000189   Thumb Code     8  __main.o(!!!main)
    __scatterload                            0x08000191   Thumb Code     0  __scatter.o(!!!scatter)
    __scatterload_rt2                        0x08000191   Thumb Code    44  __scatter.o(!!!scatter)
    __scatterload_rt2_thumb_only             0x08000191   Thumb Code     0  __scatter.o(!!!scatter)
    __scatterload_null                       0x0800019f   Thumb Code     0  __scatter.o(!!!scatter)
    __scatterload_copy                       0x080001c5   Thumb Code    26  __scatter_copy.o(!!handler_copy)
    __scatterload_zeroinit                   0x080001e1   Thumb Code    28  __scatter_zi.o(!!handler_zi)
    __rt_lib_init                            0x080001fd   Thumb Code     0  libinit.o(.ARM.Collect$$libinit$$00000000)
    __rt_lib_init_fp_1                       0x080001ff   Thumb Code     0  libinit2.o(.ARM.Collect$$libinit$$00000001)
    __rt_lib_init_alloca_1                   0x08000203   Thumb Code     0  libinit2.o(.ARM.Collect$$libinit$$0000002E)
    __rt_lib_init_argv_1                     0x08000203   Thumb Code     0  libinit2.o(.ARM.Collect$$libinit$$0000002C)
    __rt_lib_init_atexit_1                   0x08000203   Thumb Code     0  libinit2.o(.ARM.Collect$$libinit$$0000001B)
    __rt_lib_init_clock_1                    0x08000203   Thumb Code     0  libinit2.o(.ARM.Collect$$libinit$$00000021)
    __rt_lib_init_cpp_1                      0x08000203   Thumb Code     0  libinit2.o(.ARM.Collect$$libinit$$00000032)
    __rt_lib_init_exceptions_1               0x08000203   Thumb Code     0  libinit2.o(.ARM.Collect$$libinit$$00000030)
    __rt_lib_init_fp_trap_1                  0x08000203   Thumb Code     0  libinit2.o(.ARM.Collect$$libinit$$0000001F)
    __rt_lib_init_getenv_1                   0x08000203   Thumb Code     0  libinit2.o(.ARM.Collect$$libinit$$00000023)
    __rt_lib_init_heap_1                     0x08000203   Thumb Code     0  libinit2.o(.ARM.Collect$$libinit$$0000000A)
    __rt_lib_init_lc_collate_1               0x08000203   Thumb Code     0  libinit2.o(.ARM.Collect$$libinit$$00000011)
    __rt_lib_init_lc_ctype_1                 0x08000203   Thumb Code     0  libinit2.o(.ARM.Collect$$libinit$$00000013)
    __rt_lib_init_lc_monetary_1              0x08000203   Thumb Code     0  libinit2.o(.ARM.Collect$$libinit$$00000015)
    __rt_lib_init_lc_numeric_1               0x08000203   Thumb Code     0  libinit2.o(.ARM.Collect$$libinit$$00000017)
    __rt_lib_init_lc_time_1                  0x08000203   Thumb Code     0  libinit2.o(.ARM.Collect$$libinit$$00000019)
    __rt_lib_init_preinit_1                  0x08000203   Thumb Code     0  libinit2.o(.ARM.Collect$$libinit$$00000004)
    __rt_lib_init_rand_1                     0x08000203   Thumb Code     0  libinit2.o(.ARM.Collect$$libinit$$0000000E)
    __rt_lib_init_return                     0x08000203   Thumb Code     0  libinit2.o(.ARM.Collect$$libinit$$00000033)
    __rt_lib_init_signal_1                   0x08000203   Thumb Code     0  libinit2.o(.ARM.Collect$$libinit$$0000001D)
    __rt_lib_init_stdio_1                    0x08000203   Thumb Code     0  libinit2.o(.ARM.Collect$$libinit$$00000025)
    __rt_lib_init_user_alloc_1               0x08000203   Thumb Code     0  libinit2.o(.ARM.Collect$$libinit$$0000000C)
    __rt_lib_shutdown                        0x08000205   Thumb Code     0  libshutdown.o(.ARM.Collect$$libshutdown$$00000000)
    __rt_lib_shutdown_fp_trap_1              0x08000207   Thumb Code     0  libshutdown2.o(.ARM.Collect$$libshutdown$$00000006)
    __rt_lib_shutdown_heap_1                 0x08000207   Thumb Code     0  libshutdown2.o(.ARM.Collect$$libshutdown$$0000000E)
    __rt_lib_shutdown_return                 0x08000207   Thumb Code     0  libshutdown2.o(.ARM.Collect$$libshutdown$$0000000F)
    __rt_lib_shutdown_signal_1               0x08000207   Thumb Code     0  libshutdown2.o(.ARM.Collect$$libshutdown$$00000009)
    __rt_lib_shutdown_stdio_1                0x08000207   Thumb Code     0  libshutdown2.o(.ARM.Collect$$libshutdown$$00000003)
    __rt_lib_shutdown_user_alloc_1           0x08000207   Thumb Code     0  libshutdown2.o(.ARM.Collect$$libshutdown$$0000000B)
    __rt_entry                               0x08000209   Thumb Code     0  __rtentry.o(.ARM.Collect$$rtentry$$00000000)
    __rt_entry_presh_1                       0x08000209   Thumb Code     0  __rtentry2.o(.ARM.Collect$$rtentry$$00000002)
    __rt_entry_sh                            0x08000209   Thumb Code     0  __rtentry4.o(.ARM.Collect$$rtentry$$00000004)
    __rt_entry_li                            0x0800020f   Thumb Code     0  __rtentry2.o(.ARM.Collect$$rtentry$$0000000A)
    __rt_entry_postsh_1                      0x0800020f   Thumb Code     0  __rtentry2.o(.ARM.Collect$$rtentry$$00000009)
    __rt_entry_main                          0x08000213   Thumb Code     0  __rtentry2.o(.ARM.Collect$$rtentry$$0000000D)
    __rt_entry_postli_1                      0x08000213   Thumb Code     0  __rtentry2.o(.ARM.Collect$$rtentry$$0000000C)
    __rt_exit                                0x0800021b   Thumb Code     0  rtexit.o(.ARM.Collect$$rtexit$$00000000)
    __rt_exit_ls                             0x0800021d   Thumb Code     0  rtexit2.o(.ARM.Collect$$rtexit$$00000003)
    __rt_exit_prels_1                        0x0800021d   Thumb Code     0  rtexit2.o(.ARM.Collect$$rtexit$$00000002)
    __rt_exit_exit                           0x08000221   Thumb Code     0  rtexit2.o(.ARM.Collect$$rtexit$$00000004)
    Reset_Handler                            0x08000229   Thumb Code     8  startup_stm32f40_41xxx.o(.text)
    ADC_IRQHandler                           0x08000243   Thumb Code     0  startup_stm32f40_41xxx.o(.text)
    CAN1_RX1_IRQHandler                      0x08000243   Thumb Code     0  startup_stm32f40_41xxx.o(.text)
    CAN1_SCE_IRQHandler                      0x08000243   Thumb Code     0  startup_stm32f40_41xxx.o(.text)
    CAN1_TX_IRQHandler                       0x08000243   Thumb Code     0  startup_stm32f40_41xxx.o(.text)
    CAN2_RX1_IRQHandler                      0x08000243   Thumb Code     0  startup_stm32f40_41xxx.o(.text)
    CAN2_SCE_IRQHandler                      0x08000243   Thumb Code     0  startup_stm32f40_41xxx.o(.text)
    CAN2_TX_IRQHandler                       0x08000243   Thumb Code     0  startup_stm32f40_41xxx.o(.text)
    CRYP_IRQHandler                          0x08000243   Thumb Code     0  startup_stm32f40_41xxx.o(.text)
    DCMI_IRQHandler                          0x08000243   Thumb Code     0  startup_stm32f40_41xxx.o(.text)
    DMA1_Stream0_IRQHandler                  0x08000243   Thumb Code     0  startup_stm32f40_41xxx.o(.text)
    DMA1_Stream1_IRQHandler                  0x08000243   Thumb Code     0  startup_stm32f40_41xxx.o(.text)
    DMA1_Stream2_IRQHandler                  0x08000243   Thumb Code     0  startup_stm32f40_41xxx.o(.text)
    DMA1_Stream3_IRQHandler                  0x08000243   Thumb Code     0  startup_stm32f40_41xxx.o(.text)
    DMA1_Stream4_IRQHandler                  0x08000243   Thumb Code     0  startup_stm32f40_41xxx.o(.text)
    DMA1_Stream5_IRQHandler                  0x08000243   Thumb Code     0  startup_stm32f40_41xxx.o(.text)
    DMA1_Stream7_IRQHandler                  0x08000243   Thumb Code     0  startup_stm32f40_41xxx.o(.text)
    DMA2_Stream0_IRQHandler                  0x08000243   Thumb Code     0  startup_stm32f40_41xxx.o(.text)
    DMA2_Stream1_IRQHandler                  0x08000243   Thumb Code     0  startup_stm32f40_41xxx.o(.text)
    DMA2_Stream2_IRQHandler                  0x08000243   Thumb Code     0  startup_stm32f40_41xxx.o(.text)
    DMA2_Stream3_IRQHandler                  0x08000243   Thumb Code     0  startup_stm32f40_41xxx.o(.text)
    DMA2_Stream4_IRQHandler                  0x08000243   Thumb Code     0  startup_stm32f40_41xxx.o(.text)
    DMA2_Stream5_IRQHandler                  0x08000243   Thumb Code     0  startup_stm32f40_41xxx.o(.text)
    DMA2_Stream6_IRQHandler                  0x08000243   Thumb Code     0  startup_stm32f40_41xxx.o(.text)
    DMA2_Stream7_IRQHandler                  0x08000243   Thumb Code     0  startup_stm32f40_41xxx.o(.text)
    ETH_IRQHandler                           0x08000243   Thumb Code     0  startup_stm32f40_41xxx.o(.text)
    ETH_WKUP_IRQHandler                      0x08000243   Thumb Code     0  startup_stm32f40_41xxx.o(.text)
    EXTI0_IRQHandler                         0x08000243   Thumb Code     0  startup_stm32f40_41xxx.o(.text)
    EXTI1_IRQHandler                         0x08000243   Thumb Code     0  startup_stm32f40_41xxx.o(.text)
    EXTI2_IRQHandler                         0x08000243   Thumb Code     0  startup_stm32f40_41xxx.o(.text)
    EXTI4_IRQHandler                         0x08000243   Thumb Code     0  startup_stm32f40_41xxx.o(.text)
    EXTI9_5_IRQHandler                       0x08000243   Thumb Code     0  startup_stm32f40_41xxx.o(.text)
    FLASH_IRQHandler                         0x08000243   Thumb Code     0  startup_stm32f40_41xxx.o(.text)
    FPU_IRQHandler                           0x08000243   Thumb Code     0  startup_stm32f40_41xxx.o(.text)
    FSMC_IRQHandler                          0x08000243   Thumb Code     0  startup_stm32f40_41xxx.o(.text)
    HASH_RNG_IRQHandler                      0x08000243   Thumb Code     0  startup_stm32f40_41xxx.o(.text)
    I2C1_ER_IRQHandler                       0x08000243   Thumb Code     0  startup_stm32f40_41xxx.o(.text)
    I2C1_EV_IRQHandler                       0x08000243   Thumb Code     0  startup_stm32f40_41xxx.o(.text)
    I2C2_ER_IRQHandler                       0x08000243   Thumb Code     0  startup_stm32f40_41xxx.o(.text)
    I2C2_EV_IRQHandler                       0x08000243   Thumb Code     0  startup_stm32f40_41xxx.o(.text)
    I2C3_ER_IRQHandler                       0x08000243   Thumb Code     0  startup_stm32f40_41xxx.o(.text)
    I2C3_EV_IRQHandler                       0x08000243   Thumb Code     0  startup_stm32f40_41xxx.o(.text)
    OTG_FS_WKUP_IRQHandler                   0x08000243   Thumb Code     0  startup_stm32f40_41xxx.o(.text)
    OTG_HS_EP1_IN_IRQHandler                 0x08000243   Thumb Code     0  startup_stm32f40_41xxx.o(.text)
    OTG_HS_EP1_OUT_IRQHandler                0x08000243   Thumb Code     0  startup_stm32f40_41xxx.o(.text)
    OTG_HS_IRQHandler                        0x08000243   Thumb Code     0  startup_stm32f40_41xxx.o(.text)
    OTG_HS_WKUP_IRQHandler                   0x08000243   Thumb Code     0  startup_stm32f40_41xxx.o(.text)
    PVD_IRQHandler                           0x08000243   Thumb Code     0  startup_stm32f40_41xxx.o(.text)
    RCC_IRQHandler                           0x08000243   Thumb Code     0  startup_stm32f40_41xxx.o(.text)
    RTC_Alarm_IRQHandler                     0x08000243   Thumb Code     0  startup_stm32f40_41xxx.o(.text)
    RTC_WKUP_IRQHandler                      0x08000243   Thumb Code     0  startup_stm32f40_41xxx.o(.text)
    SPI2_IRQHandler                          0x08000243   Thumb Code     0  startup_stm32f40_41xxx.o(.text)
    SPI3_IRQHandler                          0x08000243   Thumb Code     0  startup_stm32f40_41xxx.o(.text)
    TAMP_STAMP_IRQHandler                    0x08000243   Thumb Code     0  startup_stm32f40_41xxx.o(.text)
    TIM1_BRK_TIM9_IRQHandler                 0x08000243   Thumb Code     0  startup_stm32f40_41xxx.o(.text)
    TIM1_CC_IRQHandler                       0x08000243   Thumb Code     0  startup_stm32f40_41xxx.o(.text)
    TIM1_TRG_COM_TIM11_IRQHandler            0x08000243   Thumb Code     0  startup_stm32f40_41xxx.o(.text)
    TIM1_UP_TIM10_IRQHandler                 0x08000243   Thumb Code     0  startup_stm32f40_41xxx.o(.text)
    TIM2_IRQHandler                          0x08000243   Thumb Code     0  startup_stm32f40_41xxx.o(.text)
    TIM3_IRQHandler                          0x08000243   Thumb Code     0  startup_stm32f40_41xxx.o(.text)
    TIM4_IRQHandler                          0x08000243   Thumb Code     0  startup_stm32f40_41xxx.o(.text)
    TIM5_IRQHandler                          0x08000243   Thumb Code     0  startup_stm32f40_41xxx.o(.text)
    TIM6_DAC_IRQHandler                      0x08000243   Thumb Code     0  startup_stm32f40_41xxx.o(.text)
    TIM7_IRQHandler                          0x08000243   Thumb Code     0  startup_stm32f40_41xxx.o(.text)
    TIM8_BRK_TIM12_IRQHandler                0x08000243   Thumb Code     0  startup_stm32f40_41xxx.o(.text)
    TIM8_CC_IRQHandler                       0x08000243   Thumb Code     0  startup_stm32f40_41xxx.o(.text)
    TIM8_TRG_COM_TIM14_IRQHandler            0x08000243   Thumb Code     0  startup_stm32f40_41xxx.o(.text)
    TIM8_UP_TIM13_IRQHandler                 0x08000243   Thumb Code     0  startup_stm32f40_41xxx.o(.text)
    UART5_IRQHandler                         0x08000243   Thumb Code     0  startup_stm32f40_41xxx.o(.text)
    USART1_IRQHandler                        0x08000243   Thumb Code     0  startup_stm32f40_41xxx.o(.text)
    USART3_IRQHandler                        0x08000243   Thumb Code     0  startup_stm32f40_41xxx.o(.text)
    USART6_IRQHandler                        0x08000243   Thumb Code     0  startup_stm32f40_41xxx.o(.text)
    WWDG_IRQHandler                          0x08000243   Thumb Code     0  startup_stm32f40_41xxx.o(.text)
    __user_initial_stackheap                 0x08000245   Thumb Code     0  startup_stm32f40_41xxx.o(.text)
    rt_hw_interrupt_disable                  0x08000269   Thumb Code     8  context_rvds.o(.text)
    rt_hw_interrupt_enable                   0x08000271   Thumb Code     6  context_rvds.o(.text)
    rt_hw_context_switch                     0x08000277   Thumb Code    32  context_rvds.o(.text)
    rt_hw_context_switch_interrupt           0x08000277   Thumb Code     0  context_rvds.o(.text)
    PendSV_Handler                           0x08000297   Thumb Code   108  context_rvds.o(.text)
    rt_hw_context_switch_to                  0x08000303   Thumb Code    68  context_rvds.o(.text)
    rt_hw_interrupt_thread_switch            0x08000347   Thumb Code     2  context_rvds.o(.text)
    HardFault_Handler                        0x08000349   Thumb Code    20  context_rvds.o(.text)
    __use_no_semihosting                     0x08000375   Thumb Code     2  use_no_semi_2.o(.text)
    __use_two_region_memory                  0x08000377   Thumb Code     2  heapauxi.o(.text)
    __rt_heap_escrow$2region                 0x08000379   Thumb Code     2  heapauxi.o(.text)
    __rt_heap_expand$2region                 0x0800037b   Thumb Code     2  heapauxi.o(.text)
    __I$use$semihosting                      0x0800037d   Thumb Code     0  use_no_semi.o(.text)
    __use_no_semihosting_swi                 0x0800037d   Thumb Code     2  use_no_semi.o(.text)
    __user_libspace                          0x08000381   Thumb Code     8  libspace.o(.text)
    __user_perproc_libspace                  0x08000381   Thumb Code     0  libspace.o(.text)
    __user_perthread_libspace                0x08000381   Thumb Code     0  libspace.o(.text)
    __user_setup_stackheap                   0x08000389   Thumb Code    74  sys_stackheap_outer.o(.text)
    exit                                     0x080003d3   Thumb Code    12  exit.o(.text)
    main                                     0x080003df   Thumb Code    14  components.o(i.$Sub$$main)
    BusFault_Handler                         0x080003ed   Thumb Code     4  stm32f4xx_it.o(i.BusFault_Handler)
    CAN1_RX0_IRQHandler                      0x080003f1   Thumb Code    44  can1.o(i.CAN1_RX0_IRQHandler)
    CAN2_RX0_IRQHandler                      0x08000431   Thumb Code    44  can2.o(i.CAN2_RX0_IRQHandler)
    CAN_Receive                              0x08000471   Thumb Code   240  stm32f4xx_can.o(i.CAN_Receive)
    CRC8_Table                               0x08000561   Thumb Code    28  crc8.o(i.CRC8_Table)
    CmdResp1Error                            0x08000581   Thumb Code    94  sd.o(i.CmdResp1Error)
    DMA1_Stream6_IRQHandler                  0x080005e5   Thumb Code    50  rf.o(i.DMA1_Stream6_IRQHandler)
    DMA_ClearFlag                            0x08000625   Thumb Code    38  stm32f4xx_dma.o(i.DMA_ClearFlag)
    DMA_Cmd                                  0x08000659   Thumb Code    22  stm32f4xx_dma.o(i.DMA_Cmd)
    DMA_GetCurrDataCounter                   0x0800066f   Thumb Code     8  stm32f4xx_dma.o(i.DMA_GetCurrDataCounter)
    DMA_GetITStatus                          0x08000679   Thumb Code    82  stm32f4xx_dma.o(i.DMA_GetITStatus)
    DMA_SetCurrDataCounter                   0x080006dd   Thumb Code     4  stm32f4xx_dma.o(i.DMA_SetCurrDataCounter)
    DebugMon_Handler                         0x080006e1   Thumb Code     2  stm32f4xx_it.o(i.DebugMon_Handler)
    EXTI15_10_IRQHandler                     0x080006e5   Thumb Code   158  leak.o(i.EXTI15_10_IRQHandler)
    EXTI3_IRQHandler                         0x08000795   Thumb Code    28  leak.o(i.EXTI3_IRQHandler)
    EXTI_ClearITPendingBit                   0x080007b5   Thumb Code     6  stm32f4xx_exti.o(i.EXTI_ClearITPendingBit)
    EXTI_GetITStatus                         0x080007c1   Thumb Code    20  stm32f4xx_exti.o(i.EXTI_GetITStatus)
    GPIO_Init                                0x080007d9   Thumb Code   144  stm32f4xx_gpio.o(i.GPIO_Init)
    GPIO_PinAFConfig                         0x08000869   Thumb Code    70  stm32f4xx_gpio.o(i.GPIO_PinAFConfig)
    GPIO_ReadInputDataBit                    0x080008af   Thumb Code    18  stm32f4xx_gpio.o(i.GPIO_ReadInputDataBit)
    GPIO_SetBits                             0x080008c1   Thumb Code     4  stm32f4xx_gpio.o(i.GPIO_SetBits)
    LED_Init                                 0x080008c5   Thumb Code    58  led.o(i.LED_Init)
    MemManage_Handler                        0x08000905   Thumb Code     4  stm32f4xx_it.o(i.MemManage_Handler)
    NMI_Handler                              0x08000909   Thumb Code     2  stm32f4xx_it.o(i.NMI_Handler)
    NVIC_Init                                0x0800090d   Thumb Code   106  misc.o(i.NVIC_Init)
    NVIC_PriorityGroupConfig                 0x08000985   Thumb Code    10  misc.o(i.NVIC_PriorityGroupConfig)
    OTG_FS_IRQHandler                        0x08000999   Thumb Code    18  usbh_usr.o(i.OTG_FS_IRQHandler)
    RCC_AHB1PeriphClockCmd                   0x080009b1   Thumb Code    26  stm32f4xx_rcc.o(i.RCC_AHB1PeriphClockCmd)
    RCC_APB1PeriphClockCmd                   0x080009d1   Thumb Code    26  stm32f4xx_rcc.o(i.RCC_APB1PeriphClockCmd)
    RCC_APB2PeriphClockCmd                   0x080009f1   Thumb Code    26  stm32f4xx_rcc.o(i.RCC_APB2PeriphClockCmd)
    RCC_APB2PeriphResetCmd                   0x08000a11   Thumb Code    26  stm32f4xx_rcc.o(i.RCC_APB2PeriphResetCmd)
    RCC_GetClocksFreq                        0x08000a31   Thumb Code   214  stm32f4xx_rcc.o(i.RCC_GetClocksFreq)
    SDIO_ClearFlag                           0x08000bb1   Thumb Code     6  stm32f4xx_sdio.o(i.SDIO_ClearFlag)
    SDIO_GetFlagStatus                       0x08000bbd   Thumb Code    20  stm32f4xx_sdio.o(i.SDIO_GetFlagStatus)
    SDIO_IRQHandler                          0x08000bd5   Thumb Code    16  sd.o(i.SDIO_IRQHandler)
    SDIO_SendCommand                         0x08000be5   Thumb Code    40  stm32f4xx_sdio.o(i.SDIO_SendCommand)
    SD_ProcessIRQSrc                         0x08000c11   Thumb Code   318  sd.o(i.SD_ProcessIRQSrc)
    SPI1_IRQHandler                          0x08000d65   Thumb Code   406  spi_slave.o(i.SPI1_IRQHandler)
    SPI_I2S_GetFlagStatus                    0x08000f31   Thumb Code    18  stm32f4xx_spi.o(i.SPI_I2S_GetFlagStatus)
    SPI_I2S_ITConfig                         0x08000f43   Thumb Code    32  stm32f4xx_spi.o(i.SPI_I2S_ITConfig)
    SPI_I2S_ReceiveData                      0x08000f63   Thumb Code     6  stm32f4xx_spi.o(i.SPI_I2S_ReceiveData)
    SPI_I2S_SendData                         0x08000f69   Thumb Code     4  stm32f4xx_spi.o(i.SPI_I2S_SendData)
    SPI_Slave_TIMode_Init                    0x08000f6d   Thumb Code   204  spi_slave.o(i.SPI_Slave_TIMode_Init)
    SPI_Slave_WriteByte                      0x08001041   Thumb Code    44  spi_slave.o(i.SPI_Slave_WriteByte)
    SVC_Handler                              0x08001071   Thumb Code     2  stm32f4xx_it.o(i.SVC_Handler)
    Slave_ReadByte                           0x08001161   Thumb Code    26  spi_slave.o(i.Slave_ReadByte)
    Slave_stat_framing                       0x08001181   Thumb Code   504  spi_slave.o(i.Slave_stat_framing)
    SysTick_Handler                          0x08001381   Thumb Code    16  board.o(i.SysTick_Handler)
    SystemCoreClockUpdate                    0x08001391   Thumb Code   170  system_stm32f4xx.o(i.SystemCoreClockUpdate)
    SystemInit                               0x08001451   Thumb Code    88  system_stm32f4xx.o(i.SystemInit)
    UART4_IRQHandler                         0x080014b9   Thumb Code   102  print_uart.o(i.UART4_IRQHandler)
    USART2_IRQHandler                        0x08001531   Thumb Code    26  rf.o(i.USART2_IRQHandler)
    USART_Cmd                                0x08001555   Thumb Code    24  stm32f4xx_usart.o(i.USART_Cmd)
    USART_GetFlagStatus                      0x0800156d   Thumb Code    26  stm32f4xx_usart.o(i.USART_GetFlagStatus)
    USART_GetITStatus                        0x08001587   Thumb Code    84  stm32f4xx_usart.o(i.USART_GetITStatus)
    USART_ITConfig                           0x080015db   Thumb Code    74  stm32f4xx_usart.o(i.USART_ITConfig)
    USART_Init                               0x08001625   Thumb Code   204  stm32f4xx_usart.o(i.USART_Init)
    USART_SendData                           0x080016f9   Thumb Code     8  stm32f4xx_usart.o(i.USART_SendData)
    USBH_Connected                           0x08001701   Thumb Code    12  usbh_core.o(i.USBH_Connected)
    USBH_Disconnected                        0x0800170d   Thumb Code    12  usbh_core.o(i.USBH_Disconnected)
    USBH_OTG_ISR_Handler                     0x08001719   Thumb Code   168  usb_hcd_int.o(i.USBH_OTG_ISR_Handler)
    USBH_SOF                                 0x080017c1   Thumb Code     6  usbh_core.o(i.USBH_SOF)
    USB_OTG_BSP_mDelay                       0x080017c7   Thumb Code    28  usb_bsp.o(i.USB_OTG_BSP_mDelay)
    USB_OTG_GetMode                          0x080017e3   Thumb Code    12  usb_core.o(i.USB_OTG_GetMode)
    USB_OTG_HC_DoPing                        0x080017ef   Thumb Code    90  usb_core.o(i.USB_OTG_HC_DoPing)
    USB_OTG_HC_Halt                          0x08001849   Thumb Code   130  usb_core.o(i.USB_OTG_HC_Halt)
    USB_OTG_InitFSLSPClkSel                  0x080018cb   Thumb Code    24  usb_core.o(i.USB_OTG_InitFSLSPClkSel)
    USB_OTG_IsHostMode                       0x080018e3   Thumb Code    20  usb_core.o(i.USB_OTG_IsHostMode)
    USB_OTG_ReadCoreItr                      0x080018f7   Thumb Code    16  usb_core.o(i.USB_OTG_ReadCoreItr)
    USB_OTG_ReadHPRT0                        0x08001907   Thumb Code    48  usb_core.o(i.USB_OTG_ReadHPRT0)
    USB_OTG_ReadHostAllChannels_intr         0x08001937   Thumb Code     8  usb_core.o(i.USB_OTG_ReadHostAllChannels_intr)
    USB_OTG_ReadPacket                       0x0800193f   Thumb Code    40  usb_core.o(i.USB_OTG_ReadPacket)
    USB_OTG_ResetPort                        0x08001967   Thumb Code    64  usb_core.o(i.USB_OTG_ResetPort)
    USB_OTG_WritePacket                      0x08002779   Thumb Code    64  usb_core.o(i.USB_OTG_WritePacket)
    UsageFault_Handler                       0x080027b9   Thumb Code     4  stm32f4xx_it.o(i.UsageFault_Handler)
    __rt_ffs                                 0x080027ed   Thumb Code    70  kservice.o(i.__rt_ffs)
    _sys_exit                                0x08002941   Thumb Code     4  print_uart.o(i._sys_exit)
    delay_init                               0x08002945   Thumb Code    22  delay.o(i.delay_init)
    delay_ms                                 0x0800296d   Thumb Code   160  delay.o(i.delay_ms)
    delay_osschedlock                        0x08002a1d   Thumb Code     8  delay.o(i.delay_osschedlock)
    delay_osschedunlock                      0x08002a25   Thumb Code     8  delay.o(i.delay_osschedunlock)
    delay_us                                 0x08002a2d   Thumb Code    84  delay.o(i.delay_us)
    $Super$$main                             0x08002b21   Thumb Code   134  main.o(i.main)
    main_thread_entry                        0x08002bd5   Thumb Code    14  components.o(i.main_thread_entry)
    rt_application_init                      0x08002de9   Thumb Code    34  components.o(i.rt_application_init)
    rt_components_board_init                 0x08002e19   Thumb Code    20  components.o(i.rt_components_board_init)
    rt_components_init                       0x08002e35   Thumb Code    20  components.o(i.rt_components_init)
    rt_enter_critical                        0x08002e51   Thumb Code    28  scheduler.o(i.rt_enter_critical)
    rt_exit_critical                         0x08002e71   Thumb Code    54  scheduler.o(i.rt_exit_critical)
    rt_free                                  0x08002ead   Thumb Code    98  mem.o(i.rt_free)
    rt_hw_board_init                         0x08002f35   Thumb Code    74  board.o(i.rt_hw_board_init)
    rt_hw_console_output                     0x08002f89   Thumb Code    74  print_uart.o(i.rt_hw_console_output)
    rt_hw_hard_fault_exception               0x08002fd9   Thumb Code   108  cpuport.o(i.rt_hw_hard_fault_exception)
    rt_hw_stack_init                         0x080030e5   Thumb Code    74  cpuport.o(i.rt_hw_stack_init)
    rt_interrupt_enter                       0x08003135   Thumb Code    26  irq.o(i.rt_interrupt_enter)
    rt_interrupt_leave                       0x08003155   Thumb Code    26  irq.o(i.rt_interrupt_leave)
    rt_kprintf                               0x08003205   Thumb Code    44  kservice.o(i.rt_kprintf)
    rt_malloc                                0x080032c5   Thumb Code   336  mem.o(i.rt_malloc)
    rt_memcpy                                0x08003431   Thumb Code   124  kservice.o(i.rt_memcpy)
    rt_memset                                0x080034ad   Thumb Code    72  kservice.o(i.rt_memset)
    rt_object_allocate                       0x080034f5   Thumb Code    72  object.o(i.rt_object_allocate)
    rt_object_delete                         0x08003541   Thumb Code    32  object.o(i.rt_object_delete)
    rt_object_detach                         0x08003561   Thumb Code    26  object.o(i.rt_object_detach)
    rt_object_init                           0x0800357d   Thumb Code    58  object.o(i.rt_object_init)
    rt_object_is_systemobject                0x080035bd   Thumb Code    18  object.o(i.rt_object_is_systemobject)
    rt_schedule                              0x080035d1   Thumb Code    98  scheduler.o(i.rt_schedule)
    rt_schedule_insert_thread                0x0800364d   Thumb Code    64  scheduler.o(i.rt_schedule_insert_thread)
    rt_schedule_remove_thread                0x08003695   Thumb Code    76  scheduler.o(i.rt_schedule_remove_thread)
    rt_sem_init                              0x080036e9   Thumb Code    38  ipc.o(i.rt_sem_init)
    rt_sem_release                           0x0800370f   Thumb Code    58  ipc.o(i.rt_sem_release)
    rt_sem_take                              0x08003749   Thumb Code   116  ipc.o(i.rt_sem_take)
    rt_show_version                          0x080037bd   Thumb Code    38  kservice.o(i.rt_show_version)
    rt_strlen                                0x0800386d   Thumb Code    18  kservice.o(i.rt_strlen)
    rt_strncpy                               0x0800387f   Thumb Code    52  kservice.o(i.rt_strncpy)
    rt_system_heap_init                      0x080038b5   Thumb Code   160  mem.o(i.rt_system_heap_init)
    rt_system_scheduler_init                 0x080039ad   Thumb Code    52  scheduler.o(i.rt_system_scheduler_init)
    rt_system_scheduler_start                0x080039f9   Thumb Code    36  scheduler.o(i.rt_system_scheduler_start)
    rt_system_timer_init                     0x08003a29   Thumb Code    24  timer.o(i.rt_system_timer_init)
    rt_system_timer_thread_init              0x08003a45   Thumb Code     2  timer.o(i.rt_system_timer_thread_init)
    rt_thread_create                         0x08003a47   Thumb Code    80  thread.o(i.rt_thread_create)
    rt_thread_delay                          0x08003a97   Thumb Code    12  thread.o(i.rt_thread_delay)
    rt_thread_exit                           0x08003aa5   Thumb Code    76  thread.o(i.rt_thread_exit)
    rt_thread_idle_excute                    0x08003b01   Thumb Code   114  idle.o(i.rt_thread_idle_excute)
    rt_thread_idle_init                      0x08003b79   Thumb Code    38  idle.o(i.rt_thread_idle_init)
    rt_thread_init                           0x08003bb5   Thumb Code    52  thread.o(i.rt_thread_init)
    rt_thread_resume                         0x08003be9   Thumb Code    56  thread.o(i.rt_thread_resume)
    rt_thread_self                           0x08003c21   Thumb Code     6  thread.o(i.rt_thread_self)
    rt_thread_sleep                          0x08003c2d   Thumb Code    62  thread.o(i.rt_thread_sleep)
    rt_thread_startup                        0x08003c71   Thumb Code    44  thread.o(i.rt_thread_startup)
    rt_thread_suspend                        0x08003c9d   Thumb Code    54  thread.o(i.rt_thread_suspend)
    rt_thread_timeout                        0x08003cd3   Thumb Code    32  thread.o(i.rt_thread_timeout)
    rt_thread_yield                          0x08003cf5   Thumb Code    88  thread.o(i.rt_thread_yield)
    rt_tick_get                              0x08003d55   Thumb Code     6  clock.o(i.rt_tick_get)
    rt_tick_increase                         0x08003d61   Thumb Code    42  clock.o(i.rt_tick_increase)
    rt_timer_check                           0x08003d91   Thumb Code   118  timer.o(i.rt_timer_check)
    rt_timer_control                         0x08003e0d   Thumb Code    56  timer.o(i.rt_timer_control)
    rt_timer_detach                          0x08003e45   Thumb Code    32  timer.o(i.rt_timer_detach)
    rt_timer_init                            0x08003e65   Thumb Code    46  timer.o(i.rt_timer_init)
    rt_timer_start                           0x08003e95   Thumb Code   238  timer.o(i.rt_timer_start)
    rt_timer_stop                            0x08003f8d   Thumb Code    48  timer.o(i.rt_timer_stop)
    rt_vsnprintf                             0x08003fbd   Thumb Code   800  kservice.o(i.rt_vsnprintf)
    rtthread_startup                         0x080042f1   Thumb Code    42  components.o(i.rtthread_startup)
    uart4_init                               0x08004341   Thumb Code   164  print_uart.o(i.uart4_init)
    _fp_init                                 0x080043ed   Thumb Code    10  fpinit.o(x$fpl$fpinit)
    __fplib_config_fpu_vfp                   0x080043f5   Thumb Code     0  fpinit.o(x$fpl$fpinit)
    __fplib_config_pureend_doubles           0x080043f5   Thumb Code     0  fpinit.o(x$fpl$fpinit)
    __lowest_bit_bitmap                      0x080043f6   Data         256  kservice.o(.constdata)
    Crc8Table                                0x08004518   Data         256  crc8.o(.constdata)
    __rt_init_rti_board_start                0x08004618   Data           4  components.o(.rti_fn.0.end)
    __rt_init_rti_board_end                  0x0800461c   Data           4  components.o(.rti_fn.1.end)
    __rt_init_rti_end                        0x08004620   Data           4  components.o(.rti_fn.6.end)
    Region$$Table$$Base                      0x08004624   Number         0  anon$$obj.o(Region$$Table)
    Region$$Table$$Limit                     0x08004644   Number         0  anon$$obj.o(Region$$Table)
    SystemCoreClock                          0x20000000   Data           4  system_stm32f4xx.o(.data)
    AHBPrescTable                            0x20000004   Data          16  system_stm32f4xx.o(.data)
    rt_interrupt_from_thread                 0x20000028   Data           4  cpuport.o(.data)
    rt_interrupt_to_thread                   0x2000002c   Data           4  cpuport.o(.data)
    rt_thread_switch_interrupt_flag          0x20000030   Data           4  cpuport.o(.data)
    rt_interrupt_nest                        0x20000038   Data           1  irq.o(.data)
    rt_object_container                      0x20000054   Data          80  object.o(.data)
    rt_current_thread                        0x200000a8   Data           4  scheduler.o(.data)
    rt_current_priority                      0x200000ac   Data           1  scheduler.o(.data)
    rt_thread_ready_priority_group           0x200000b0   Data           4  scheduler.o(.data)
    rt_thread_defunct                        0x200000b4   Data           8  scheduler.o(.data)
    OSRunning                                0x200000cc   Data           1  delay.o(.data)
    TransferError                            0x200000da   Data           1  sd.o(.data)
    TransferEnd                              0x200000db   Data           1  sd.o(.data)
    tempbuff                                 0x200000dc   Data           4  sd.o(.data)
    UART4_RX_STA                             0x200000e0   Data           2  print_uart.o(.data)
    uart4_flag                               0x200000e2   Data           1  print_uart.o(.data)
    __stdout                                 0x200000e4   Data           4  print_uart.o(.data)
    leak_stat                                0x200000e8   Data           1  leak.o(.data)
    RF_Tx_Flag                               0x200000e9   Data           1  rf.o(.data)
    RF_Rev_Len                               0x200000ea   Data           1  rf.o(.data)
    SPI_Data_Cnt                             0x200000eb   Data           1  spi_slave.o(.data)
    SPI_Comm_Stat                            0x200000ec   Data           1  spi_slave.o(.data)
    Master_CMD                               0x200000ed   Data           1  spi_slave.o(.data)
    System_Check                             0x200000ee   Data           1  spi_slave.o(.data)
    System_timing                            0x200000ef   Data           1  spi_slave.o(.data)
    System_Stop                              0x200000f0   Data           1  spi_slave.o(.data)
    Pose_Trans                               0x200000f1   Data           1  spi_slave.o(.data)
    slave_stat_len                           0x200000f2   Data           1  spi_slave.o(.data)
    SPI_Rev_Len                              0x200000f3   Data           1  spi_slave.o(.data)
    Feed_Flag                                0x200000f4   Data           1  wdg.o(.data)
    USBH_HCD_INT_cb                          0x200000f8   Data          12  usbh_core.o(.data)
    USBH_HCD_INT_fops                        0x20000104   Data           4  usbh_core.o(.data)
    USB_Host                                 0x20000a0c   Data         148  main.o(.bss)
    USB_OTG_Core                             0x20000aa0   Data        1452  main.o(.bss)
    rt_thread_priority_table                 0x2000326c   Data         240  scheduler.o(.bss)
    SDIO_InitStructure                       0x20003360   Data          24  sd.o(.bss)
    SDIO_CmdInitStructure                    0x20003378   Data          20  sd.o(.bss)
    SDIO_DataInitStructure                   0x2000338c   Data          24  sd.o(.bss)
    SDCardInfo                               0x200033c8   Data          88  sd.o(.bss)
    SDIO_DATA_BUFFER                         0x20003420   Data         512  sd.o(.bss)
    UART4_buf                                0x20003620   Data          17  print_uart.o(.bss)
    leak_sem                                 0x20003634   Data          32  leak.o(.bss)
    RF_Rev_DMA_Buf                           0x20003654   Data          64  rf.o(.bss)
    RF_Rev_Buf                               0x20003694   Data          64  rf.o(.bss)
    RF_Send_Buf                              0x200036d4   Data          64  rf.o(.bss)
    time_rev_buf                             0x20003714   Data          13  spi_slave.o(.bss)
    run_posture                              0x20003721   Data          38  spi_slave.o(.bss)
    Slave_Stat_Buf                           0x20003747   Data          32  spi_slave.o(.bss)
    slave_stat                               0x20003768   Data          24  spi_slave.o(.bss)
    __libspace_start                         0x20003780   Data          96  libspace.o(.bss)
    __temporary_stack_top$libspace           0x200037e0   Data           0  libspace.o(.bss)



==============================================================================

Memory Map of the image

  Image Entry point : 0x08000189

  Load Region LR_IROM1 (Base: 0x08000000, Size: 0x00004750, Max: 0x00100000, ABSOLUTE)

    Execution Region ER_IROM1 (Base: 0x08000000, Size: 0x00004644, Max: 0x00100000, ABSOLUTE)

    Base Addr    Size         Type   Attr      Idx    E Section Name        Object

    0x08000000   0x00000188   Data   RO          441    RESET               startup_stm32f40_41xxx.o
    0x08000188   0x00000008   Code   RO         6308  * !!!main             c_w.l(__main.o)
    0x08000190   0x00000034   Code   RO         6547    !!!scatter          c_w.l(__scatter.o)
    0x080001c4   0x0000001a   Code   RO         6549    !!handler_copy      c_w.l(__scatter_copy.o)
    0x080001de   0x00000002   PAD
    0x080001e0   0x0000001c   Code   RO         6551    !!handler_zi        c_w.l(__scatter_zi.o)
    0x080001fc   0x00000002   Code   RO         6421    .ARM.Collect$$libinit$$00000000  c_w.l(libinit.o)
    0x080001fe   0x00000004   Code   RO         6422    .ARM.Collect$$libinit$$00000001  c_w.l(libinit2.o)
    0x08000202   0x00000000   Code   RO         6425    .ARM.Collect$$libinit$$00000004  c_w.l(libinit2.o)
    0x08000202   0x00000000   Code   RO         6428    .ARM.Collect$$libinit$$0000000A  c_w.l(libinit2.o)
    0x08000202   0x00000000   Code   RO         6430    .ARM.Collect$$libinit$$0000000C  c_w.l(libinit2.o)
    0x08000202   0x00000000   Code   RO         6432    .ARM.Collect$$libinit$$0000000E  c_w.l(libinit2.o)
    0x08000202   0x00000000   Code   RO         6435    .ARM.Collect$$libinit$$00000011  c_w.l(libinit2.o)
    0x08000202   0x00000000   Code   RO         6437    .ARM.Collect$$libinit$$00000013  c_w.l(libinit2.o)
    0x08000202   0x00000000   Code   RO         6439    .ARM.Collect$$libinit$$00000015  c_w.l(libinit2.o)
    0x08000202   0x00000000   Code   RO         6441    .ARM.Collect$$libinit$$00000017  c_w.l(libinit2.o)
    0x08000202   0x00000000   Code   RO         6443    .ARM.Collect$$libinit$$00000019  c_w.l(libinit2.o)
    0x08000202   0x00000000   Code   RO         6445    .ARM.Collect$$libinit$$0000001B  c_w.l(libinit2.o)
    0x08000202   0x00000000   Code   RO         6447    .ARM.Collect$$libinit$$0000001D  c_w.l(libinit2.o)
    0x08000202   0x00000000   Code   RO         6449    .ARM.Collect$$libinit$$0000001F  c_w.l(libinit2.o)
    0x08000202   0x00000000   Code   RO         6451    .ARM.Collect$$libinit$$00000021  c_w.l(libinit2.o)
    0x08000202   0x00000000   Code   RO         6453    .ARM.Collect$$libinit$$00000023  c_w.l(libinit2.o)
    0x08000202   0x00000000   Code   RO         6455    .ARM.Collect$$libinit$$00000025  c_w.l(libinit2.o)
    0x08000202   0x00000000   Code   RO         6459    .ARM.Collect$$libinit$$0000002C  c_w.l(libinit2.o)
    0x08000202   0x00000000   Code   RO         6461    .ARM.Collect$$libinit$$0000002E  c_w.l(libinit2.o)
    0x08000202   0x00000000   Code   RO         6463    .ARM.Collect$$libinit$$00000030  c_w.l(libinit2.o)
    0x08000202   0x00000000   Code   RO         6465    .ARM.Collect$$libinit$$00000032  c_w.l(libinit2.o)
    0x08000202   0x00000002   Code   RO         6466    .ARM.Collect$$libinit$$00000033  c_w.l(libinit2.o)
    0x08000204   0x00000002   Code   RO         6508    .ARM.Collect$$libshutdown$$00000000  c_w.l(libshutdown.o)
    0x08000206   0x00000000   Code   RO         6518    .ARM.Collect$$libshutdown$$00000003  c_w.l(libshutdown2.o)
    0x08000206   0x00000000   Code   RO         6521    .ARM.Collect$$libshutdown$$00000006  c_w.l(libshutdown2.o)
    0x08000206   0x00000000   Code   RO         6524    .ARM.Collect$$libshutdown$$00000009  c_w.l(libshutdown2.o)
    0x08000206   0x00000000   Code   RO         6526    .ARM.Collect$$libshutdown$$0000000B  c_w.l(libshutdown2.o)
    0x08000206   0x00000000   Code   RO         6529    .ARM.Collect$$libshutdown$$0000000E  c_w.l(libshutdown2.o)
    0x08000206   0x00000002   Code   RO         6530    .ARM.Collect$$libshutdown$$0000000F  c_w.l(libshutdown2.o)
    0x08000208   0x00000000   Code   RO         6326    .ARM.Collect$$rtentry$$00000000  c_w.l(__rtentry.o)
    0x08000208   0x00000000   Code   RO         6346    .ARM.Collect$$rtentry$$00000002  c_w.l(__rtentry2.o)
    0x08000208   0x00000006   Code   RO         6358    .ARM.Collect$$rtentry$$00000004  c_w.l(__rtentry4.o)
    0x0800020e   0x00000000   Code   RO         6348    .ARM.Collect$$rtentry$$00000009  c_w.l(__rtentry2.o)
    0x0800020e   0x00000004   Code   RO         6349    .ARM.Collect$$rtentry$$0000000A  c_w.l(__rtentry2.o)
    0x08000212   0x00000000   Code   RO         6351    .ARM.Collect$$rtentry$$0000000C  c_w.l(__rtentry2.o)
    0x08000212   0x00000008   Code   RO         6352    .ARM.Collect$$rtentry$$0000000D  c_w.l(__rtentry2.o)
    0x0800021a   0x00000002   Code   RO         6467    .ARM.Collect$$rtexit$$00000000  c_w.l(rtexit.o)
    0x0800021c   0x00000000   Code   RO         6478    .ARM.Collect$$rtexit$$00000002  c_w.l(rtexit2.o)
    0x0800021c   0x00000004   Code   RO         6479    .ARM.Collect$$rtexit$$00000003  c_w.l(rtexit2.o)
    0x08000220   0x00000006   Code   RO         6480    .ARM.Collect$$rtexit$$00000004  c_w.l(rtexit2.o)
    0x08000226   0x00000002   PAD
    0x08000228   0x00000040   Code   RO          442    .text               startup_stm32f40_41xxx.o
    0x08000268   0x0000010c   Code   RO         2887    .text               context_rvds.o
    0x08000374   0x00000002   Code   RO         6268    .text               c_w.l(use_no_semi_2.o)
    0x08000376   0x00000006   Code   RO         6306    .text               c_w.l(heapauxi.o)
    0x0800037c   0x00000002   Code   RO         6324    .text               c_w.l(use_no_semi.o)
    0x0800037e   0x00000002   PAD
    0x08000380   0x00000008   Code   RO         6407    .text               c_w.l(libspace.o)
    0x08000388   0x0000004a   Code   RO         6410    .text               c_w.l(sys_stackheap_outer.o)
    0x080003d2   0x0000000c   Code   RO         6414    .text               c_w.l(exit.o)
    0x080003de   0x0000000e   Code   RO         2819    i.$Sub$$main        components.o
    0x080003ec   0x00000004   Code   RO          284    i.BusFault_Handler  stm32f4xx_it.o
    0x080003f0   0x00000040   Code   RO         4363    i.CAN1_RX0_IRQHandler  can1.o
    0x08000430   0x00000040   Code   RO         4401    i.CAN2_RX0_IRQHandler  can2.o
    0x08000470   0x000000f0   Code   RO          750    i.CAN_Receive       stm32f4xx_can.o
    0x08000560   0x00000020   Code   RO         6179    i.CRC8_Table        crc8.o
    0x08000580   0x00000064   Code   RO         3801    i.CmdResp1Error     sd.o
    0x080005e4   0x00000040   Code   RO         4235    i.DMA1_Stream6_IRQHandler  rf.o
    0x08000624   0x00000034   Code   RO          897    i.DMA_ClearFlag     stm32f4xx_dma.o
    0x08000658   0x00000016   Code   RO          899    i.DMA_Cmd           stm32f4xx_dma.o
    0x0800066e   0x00000008   Code   RO          905    i.DMA_GetCurrDataCounter  stm32f4xx_dma.o
    0x08000676   0x00000002   PAD
    0x08000678   0x00000064   Code   RO          909    i.DMA_GetITStatus   stm32f4xx_dma.o
    0x080006dc   0x00000004   Code   RO          914    i.DMA_SetCurrDataCounter  stm32f4xx_dma.o
    0x080006e0   0x00000002   Code   RO          285    i.DebugMon_Handler  stm32f4xx_it.o
    0x080006e2   0x00000002   PAD
    0x080006e4   0x000000b0   Code   RO         4079    i.EXTI15_10_IRQHandler  leak.o
    0x08000794   0x00000020   Code   RO         4080    i.EXTI3_IRQHandler  leak.o
    0x080007b4   0x0000000c   Code   RO         2313    i.EXTI_ClearITPendingBit  stm32f4xx_exti.o
    0x080007c0   0x00000018   Code   RO         2317    i.EXTI_GetITStatus  stm32f4xx_exti.o
    0x080007d8   0x00000090   Code   RO         1026    i.GPIO_Init         stm32f4xx_gpio.o
    0x08000868   0x00000046   Code   RO         1027    i.GPIO_PinAFConfig  stm32f4xx_gpio.o
    0x080008ae   0x00000012   Code   RO         1030    i.GPIO_ReadInputDataBit  stm32f4xx_gpio.o
    0x080008c0   0x00000004   Code   RO         1034    i.GPIO_SetBits      stm32f4xx_gpio.o
    0x080008c4   0x00000040   Code   RO         4059    i.LED_Init          led.o
    0x08000904   0x00000004   Code   RO          286    i.MemManage_Handler  stm32f4xx_it.o
    0x08000908   0x00000002   Code   RO          287    i.NMI_Handler       stm32f4xx_it.o
    0x0800090a   0x00000002   PAD
    0x0800090c   0x00000078   Code   RO          448    i.NVIC_Init         misc.o
    0x08000984   0x00000014   Code   RO          449    i.NVIC_PriorityGroupConfig  misc.o
    0x08000998   0x00000018   Code   RO         6025    i.OTG_FS_IRQHandler  usbh_usr.o
    0x080009b0   0x00000020   Code   RO         1245    i.RCC_AHB1PeriphClockCmd  stm32f4xx_rcc.o
    0x080009d0   0x00000020   Code   RO         1254    i.RCC_APB1PeriphClockCmd  stm32f4xx_rcc.o
    0x080009f0   0x00000020   Code   RO         1257    i.RCC_APB2PeriphClockCmd  stm32f4xx_rcc.o
    0x08000a10   0x00000020   Code   RO         1259    i.RCC_APB2PeriphResetCmd  stm32f4xx_rcc.o
    0x08000a30   0x000000e8   Code   RO         1266    i.RCC_GetClocksFreq  stm32f4xx_rcc.o
    0x08000b18   0x0000006c   Code   RO         4240    i.RF_irq_rx_end     rf.o
    0x08000b84   0x0000002c   Code   RO         4241    i.RF_irq_tx_end     rf.o
    0x08000bb0   0x0000000c   Code   RO         1580    i.SDIO_ClearFlag    stm32f4xx_sdio.o
    0x08000bbc   0x00000018   Code   RO         1592    i.SDIO_GetFlagStatus  stm32f4xx_sdio.o
    0x08000bd4   0x00000010   Code   RO         3810    i.SDIO_IRQHandler   sd.o
    0x08000be4   0x0000002c   Code   RO         1600    i.SDIO_SendCommand  stm32f4xx_sdio.o
    0x08000c10   0x00000154   Code   RO         3820    i.SD_ProcessIRQSrc  sd.o
    0x08000d64   0x000001cc   Code   RO         4305    i.SPI1_IRQHandler   spi_slave.o
    0x08000f30   0x00000012   Code   RO         1787    i.SPI_I2S_GetFlagStatus  stm32f4xx_spi.o
    0x08000f42   0x00000020   Code   RO         1789    i.SPI_I2S_ITConfig  stm32f4xx_spi.o
    0x08000f62   0x00000006   Code   RO         1790    i.SPI_I2S_ReceiveData  stm32f4xx_spi.o
    0x08000f68   0x00000004   Code   RO         1791    i.SPI_I2S_SendData  stm32f4xx_spi.o
    0x08000f6c   0x000000d4   Code   RO         4307    i.SPI_Slave_TIMode_Init  spi_slave.o
    0x08001040   0x00000030   Code   RO         4308    i.SPI_Slave_WriteByte  spi_slave.o
    0x08001070   0x00000002   Code   RO          288    i.SVC_Handler       stm32f4xx_it.o
    0x08001072   0x00000002   PAD
    0x08001074   0x000000ec   Code   RO          363    i.SetSysClock       system_stm32f4xx.o
    0x08001160   0x00000020   Code   RO         4309    i.Slave_ReadByte    spi_slave.o
    0x08001180   0x00000200   Code   RO         4310    i.Slave_stat_framing  spi_slave.o
    0x08001380   0x00000010   Code   RO         2728    i.SysTick_Handler   board.o
    0x08001390   0x000000c0   Code   RO          364    i.SystemCoreClockUpdate  system_stm32f4xx.o
    0x08001450   0x00000068   Code   RO          365    i.SystemInit        system_stm32f4xx.o
    0x080014b8   0x00000078   Code   RO         4007    i.UART4_IRQHandler  print_uart.o
    0x08001530   0x00000024   Code   RO         4242    i.USART2_IRQHandler  rf.o
    0x08001554   0x00000018   Code   RO         1997    i.USART_Cmd         stm32f4xx_usart.o
    0x0800156c   0x0000001a   Code   RO         2000    i.USART_GetFlagStatus  stm32f4xx_usart.o
    0x08001586   0x00000054   Code   RO         2001    i.USART_GetITStatus  stm32f4xx_usart.o
    0x080015da   0x0000004a   Code   RO         2003    i.USART_ITConfig    stm32f4xx_usart.o
    0x08001624   0x000000d4   Code   RO         2004    i.USART_Init        stm32f4xx_usart.o
    0x080016f8   0x00000008   Code   RO         2014    i.USART_SendData    stm32f4xx_usart.o
    0x08001700   0x0000000c   Code   RO         5506    i.USBH_Connected    usbh_core.o
    0x0800170c   0x0000000c   Code   RO         5508    i.USBH_Disconnected  usbh_core.o
    0x08001718   0x000000a8   Code   RO         5436    i.USBH_OTG_ISR_Handler  usb_hcd_int.o
    0x080017c0   0x00000006   Code   RO         5514    i.USBH_SOF          usbh_core.o
    0x080017c6   0x0000001c   Code   RO         5971    i.USB_OTG_BSP_mDelay  usb_bsp.o
    0x080017e2   0x0000000c   Code   RO         5186    i.USB_OTG_GetMode   usb_core.o
    0x080017ee   0x0000005a   Code   RO         5187    i.USB_OTG_HC_DoPing  usb_core.o
    0x08001848   0x00000082   Code   RO         5188    i.USB_OTG_HC_Halt   usb_core.o
    0x080018ca   0x00000018   Code   RO         5191    i.USB_OTG_InitFSLSPClkSel  usb_core.o
    0x080018e2   0x00000014   Code   RO         5194    i.USB_OTG_IsHostMode  usb_core.o
    0x080018f6   0x00000010   Code   RO         5195    i.USB_OTG_ReadCoreItr  usb_core.o
    0x08001906   0x00000030   Code   RO         5196    i.USB_OTG_ReadHPRT0  usb_core.o
    0x08001936   0x00000008   Code   RO         5197    i.USB_OTG_ReadHostAllChannels_intr  usb_core.o
    0x0800193e   0x00000028   Code   RO         5199    i.USB_OTG_ReadPacket  usb_core.o
    0x08001966   0x00000040   Code   RO         5200    i.USB_OTG_ResetPort  usb_core.o
    0x080019a6   0x00000002   PAD
    0x080019a8   0x0000002c   Code   RO         5437    i.USB_OTG_USBH_handle_Disconnect_ISR  usb_hcd_int.o
    0x080019d4   0x00000046   Code   RO         5438    i.USB_OTG_USBH_handle_IncompletePeriodicXfer_ISR  usb_hcd_int.o
    0x08001a1a   0x00000056   Code   RO         5439    i.USB_OTG_USBH_handle_hc_ISR  usb_hcd_int.o
    0x08001a70   0x0000042a   Code   RO         5440    i.USB_OTG_USBH_handle_hc_n_In_ISR  usb_hcd_int.o
    0x08001e9a   0x000003d0   Code   RO         5441    i.USB_OTG_USBH_handle_hc_n_Out_ISR  usb_hcd_int.o
    0x0800226a   0x0000012e   Code   RO         5442    i.USB_OTG_USBH_handle_nptxfempty_ISR  usb_hcd_int.o
    0x08002398   0x00000120   Code   RO         5443    i.USB_OTG_USBH_handle_port_ISR  usb_hcd_int.o
    0x080024b8   0x0000012e   Code   RO         5444    i.USB_OTG_USBH_handle_ptxfempty_ISR  usb_hcd_int.o
    0x080025e6   0x00000164   Code   RO         5445    i.USB_OTG_USBH_handle_rx_qlvl_ISR  usb_hcd_int.o
    0x0800274a   0x00000002   PAD
    0x0800274c   0x0000002c   Code   RO         5446    i.USB_OTG_USBH_handle_sof_ISR  usb_hcd_int.o
    0x08002778   0x00000040   Code   RO         5204    i.USB_OTG_WritePacket  usb_core.o
    0x080027b8   0x00000004   Code   RO          289    i.UsageFault_Handler  stm32f4xx_it.o
    0x080027bc   0x00000030   Code   RO         2729    i._SysTick_Config   board.o
    0x080027ec   0x0000004c   Code   RO         3173    i.__rt_ffs          kservice.o
    0x08002838   0x00000014   Code   RO         2930    i._has_defunct_thread  idle.o
    0x0800284c   0x00000084   Code   RO         3525    i._rt_thread_init   thread.o
    0x080028d0   0x00000042   Code   RO         3640    i._rt_timer_init    timer.o
    0x08002912   0x0000002e   Code   RO         3641    i._rt_timer_remove  timer.o
    0x08002940   0x00000004   Code   RO         4008    i._sys_exit         print_uart.o
    0x08002944   0x00000028   Code   RO         3749    i.delay_init        delay.o
    0x0800296c   0x000000b0   Code   RO         3750    i.delay_ms          delay.o
    0x08002a1c   0x00000008   Code   RO         3751    i.delay_osschedlock  delay.o
    0x08002a24   0x00000008   Code   RO         3752    i.delay_osschedunlock  delay.o
    0x08002a2c   0x00000058   Code   RO         3753    i.delay_us          delay.o
    0x08002a84   0x00000028   Code   RO            3    i.led0_thread_entry  main.o
    0x08002aac   0x00000074   Code   RO            4    i.led1_thread_entry  main.o
    0x08002b20   0x000000b4   Code   RO            5    i.main              main.o
    0x08002bd4   0x0000000e   Code   RO         2820    i.main_thread_entry  components.o
    0x08002be2   0x00000002   PAD
    0x08002be4   0x00000078   Code   RO         3338    i.plug_holes        mem.o
    0x08002c5c   0x0000018c   Code   RO         3175    i.print_number      kservice.o
    0x08002de8   0x00000030   Code   RO         2821    i.rt_application_init  components.o
    0x08002e18   0x0000001c   Code   RO         2822    i.rt_components_board_init  components.o
    0x08002e34   0x0000001c   Code   RO         2823    i.rt_components_init  components.o
    0x08002e50   0x00000020   Code   RO         3459    i.rt_enter_critical  scheduler.o
    0x08002e70   0x0000003c   Code   RO         3460    i.rt_exit_critical  scheduler.o
    0x08002eac   0x00000078   Code   RO         3340    i.rt_free           mem.o
    0x08002f24   0x00000008   Code   RO         2730    i.rt_heap_begin_get  board.o
    0x08002f2c   0x00000008   Code   RO         2731    i.rt_heap_end_get   board.o
    0x08002f34   0x00000054   Code   RO         2732    i.rt_hw_board_init  board.o
    0x08002f88   0x00000050   Code   RO         4010    i.rt_hw_console_output  print_uart.o
    0x08002fd8   0x0000010c   Code   RO         2893    i.rt_hw_hard_fault_exception  cpuport.o
    0x080030e4   0x00000050   Code   RO         2894    i.rt_hw_stack_init  cpuport.o
    0x08003134   0x00000020   Code   RO         3146    i.rt_interrupt_enter  irq.o
    0x08003154   0x00000020   Code   RO         3148    i.rt_interrupt_leave  irq.o
    0x08003174   0x00000014   Code   RO         2971    i.rt_ipc_list_resume  ipc.o
    0x08003188   0x0000006c   Code   RO         2973    i.rt_ipc_list_suspend  ipc.o
    0x080031f4   0x00000010   Code   RO         2974    i.rt_ipc_object_init  ipc.o
    0x08003204   0x00000030   Code   RO         3179    i.rt_kprintf        kservice.o
    0x08003234   0x00000006   Code   RO         2975    i.rt_list_init      ipc.o
    0x0800323a   0x00000006   Code   RO         3461    i.rt_list_init      scheduler.o
    0x08003240   0x00000006   Code   RO         3642    i.rt_list_init      timer.o
    0x08003246   0x0000000e   Code   RO         3388    i.rt_list_insert_after  object.o
    0x08003254   0x0000000e   Code   RO         3526    i.rt_list_insert_after  thread.o
    0x08003262   0x0000000e   Code   RO         3643    i.rt_list_insert_after  timer.o
    0x08003270   0x0000000e   Code   RO         2976    i.rt_list_insert_before  ipc.o
    0x0800327e   0x00000010   Code   RO         2977    i.rt_list_isempty   ipc.o
    0x0800328e   0x00000010   Code   RO         3644    i.rt_list_isempty   timer.o
    0x0800329e   0x00000012   Code   RO         3389    i.rt_list_remove    object.o
    0x080032b0   0x00000012   Code   RO         3527    i.rt_list_remove    thread.o
    0x080032c2   0x00000002   PAD
    0x080032c4   0x0000016c   Code   RO         3341    i.rt_malloc         mem.o
    0x08003430   0x0000007c   Code   RO         3182    i.rt_memcpy         kservice.o
    0x080034ac   0x00000048   Code   RO         3184    i.rt_memset         kservice.o
    0x080034f4   0x0000004c   Code   RO         3390    i.rt_object_allocate  object.o
    0x08003540   0x00000020   Code   RO         3391    i.rt_object_delete  object.o
    0x08003560   0x0000001a   Code   RO         3392    i.rt_object_detach  object.o
    0x0800357a   0x00000002   PAD
    0x0800357c   0x00000040   Code   RO         3395    i.rt_object_init    object.o
    0x080035bc   0x00000012   Code   RO         3396    i.rt_object_is_systemobject  object.o
    0x080035ce   0x00000002   PAD
    0x080035d0   0x0000007c   Code   RO         3462    i.rt_schedule       scheduler.o
    0x0800364c   0x00000048   Code   RO         3463    i.rt_schedule_insert_thread  scheduler.o
    0x08003694   0x00000054   Code   RO         3464    i.rt_schedule_remove_thread  scheduler.o
    0x080036e8   0x00000026   Code   RO         2990    i.rt_sem_init       ipc.o
    0x0800370e   0x0000003a   Code   RO         2991    i.rt_sem_release    ipc.o
    0x08003748   0x00000074   Code   RO         2992    i.rt_sem_take       ipc.o
    0x080037bc   0x000000b0   Code   RO         3186    i.rt_show_version   kservice.o
    0x0800386c   0x00000012   Code   RO         3192    i.rt_strlen         kservice.o
    0x0800387e   0x00000034   Code   RO         3194    i.rt_strncpy        kservice.o
    0x080038b2   0x00000002   PAD
    0x080038b4   0x000000f8   Code   RO         3344    i.rt_system_heap_init  mem.o
    0x080039ac   0x0000004c   Code   RO         3465    i.rt_system_scheduler_init  scheduler.o
    0x080039f8   0x00000030   Code   RO         3466    i.rt_system_scheduler_start  scheduler.o
    0x08003a28   0x0000001c   Code   RO         3645    i.rt_system_timer_init  timer.o
    0x08003a44   0x00000002   Code   RO         3646    i.rt_system_timer_thread_init  timer.o
    0x08003a46   0x00000050   Code   RO         3529    i.rt_thread_create  thread.o
    0x08003a96   0x0000000c   Code   RO         3530    i.rt_thread_delay   thread.o
    0x08003aa2   0x00000002   PAD
    0x08003aa4   0x00000054   Code   RO         3533    i.rt_thread_exit    thread.o
    0x08003af8   0x00000008   Code   RO         2931    i.rt_thread_idle_entry  idle.o
    0x08003b00   0x00000078   Code   RO         2932    i.rt_thread_idle_excute  idle.o
    0x08003b78   0x0000003c   Code   RO         2933    i.rt_thread_idle_init  idle.o
    0x08003bb4   0x00000034   Code   RO         3535    i.rt_thread_init    thread.o
    0x08003be8   0x00000038   Code   RO         3536    i.rt_thread_resume  thread.o
    0x08003c20   0x0000000c   Code   RO         3537    i.rt_thread_self    thread.o
    0x08003c2c   0x00000044   Code   RO         3538    i.rt_thread_sleep   thread.o
    0x08003c70   0x0000002c   Code   RO         3539    i.rt_thread_startup  thread.o
    0x08003c9c   0x00000036   Code   RO         3540    i.rt_thread_suspend  thread.o
    0x08003cd2   0x00000020   Code   RO         3541    i.rt_thread_timeout  thread.o
    0x08003cf2   0x00000002   PAD
    0x08003cf4   0x00000060   Code   RO         3542    i.rt_thread_yield   thread.o
    0x08003d54   0x0000000c   Code   RO         2777    i.rt_tick_get       clock.o
    0x08003d60   0x00000030   Code   RO         2778    i.rt_tick_increase  clock.o
    0x08003d90   0x0000007c   Code   RO         3647    i.rt_timer_check    timer.o
    0x08003e0c   0x00000038   Code   RO         3648    i.rt_timer_control  timer.o
    0x08003e44   0x00000020   Code   RO         3651    i.rt_timer_detach   timer.o
    0x08003e64   0x0000002e   Code   RO         3652    i.rt_timer_init     timer.o
    0x08003e92   0x00000002   PAD
    0x08003e94   0x000000f8   Code   RO         3655    i.rt_timer_start    timer.o
    0x08003f8c   0x00000030   Code   RO         3656    i.rt_timer_stop     timer.o
    0x08003fbc   0x00000328   Code   RO         3196    i.rt_vsnprintf      kservice.o
    0x080042e4   0x00000004   Code   RO         2824    i.rti_board_end     components.o
    0x080042e8   0x00000004   Code   RO         2825    i.rti_board_start   components.o
    0x080042ec   0x00000004   Code   RO         2826    i.rti_end           components.o
    0x080042f0   0x0000002a   Code   RO         2828    i.rtthread_startup  components.o
    0x0800431a   0x00000026   Code   RO         3198    i.skip_atoi         kservice.o
    0x08004340   0x000000ac   Code   RO         4011    i.uart4_init        print_uart.o
    0x080043ec   0x0000000a   Code   RO         6475    x$fpl$fpinit        fz_wm.l(fpinit.o)
    0x080043f6   0x00000122   Data   RO         3200    .constdata          kservice.o
    0x08004518   0x00000100   Data   RO         6180    .constdata          crc8.o
    0x08004618   0x00000004   Data   RO         2830    .rti_fn.0.end       components.o
    0x0800461c   0x00000004   Data   RO         2831    .rti_fn.1.end       components.o
    0x08004620   0x00000004   Data   RO         2832    .rti_fn.6.end       components.o
    0x08004624   0x00000020   Data   RO         6545    Region$$Table       anon$$obj.o


    Execution Region RW_IRAM2 (Base: 0x10000000, Size: 0x00000000, Max: 0x00010000, ABSOLUTE)

    **** No section assigned to this execution region ****


    Execution Region RW_IRAM1 (Base: 0x20000000, Size: 0x00003de0, Max: 0x00020000, ABSOLUTE)

    Base Addr    Size         Type   Attr      Idx    E Section Name        Object

    0x20000000   0x00000014   Data   RW          366    .data               system_stm32f4xx.o
    0x20000014   0x00000010   Data   RW         1298    .data               stm32f4xx_rcc.o
    0x20000024   0x00000004   Data   RW         2780    .data               clock.o
    0x20000028   0x00000010   Data   RW         2895    .data               cpuport.o
    0x20000038   0x00000001   Data   RW         3149    .data               irq.o
    0x20000039   0x00000003   PAD
    0x2000003c   0x00000018   Data   RW         3346    .data               mem.o
    0x20000054   0x00000050   Data   RW         3398    .data               object.o
    0x200000a4   0x00000018   Data   RW         3468    .data               scheduler.o
    0x200000bc   0x0000000c   Data   RW         3657    .data               timer.o
    0x200000c8   0x00000005   Data   RW         3754    .data               delay.o
    0x200000cd   0x00000003   PAD
    0x200000d0   0x00000010   Data   RW         3832    .data               sd.o
    0x200000e0   0x00000008   Data   RW         4013    .data               print_uart.o
    0x200000e8   0x00000001   Data   RW         4083    .data               leak.o
    0x200000e9   0x00000002   Data   RW         4244    .data               rf.o
    0x200000eb   0x00000009   Data   RW         4312    .data               spi_slave.o
    0x200000f4   0x00000001   Data   RW         4475    .data               wdg.o
    0x200000f5   0x00000003   PAD
    0x200000f8   0x00000012   Data   RW         5515    .data               usbh_core.o
    0x2000010a   0x00000002   PAD
    0x2000010c   0x00000f40   Zero   RW            6    .bss                main.o
    0x2000104c   0x00002000   Zero   RW         2733    .bss                board.o
    0x2000304c   0x00000180   Zero   RW         2934    .bss                idle.o
    0x200031cc   0x00000080   Zero   RW         3199    .bss                kservice.o
    0x2000324c   0x00000020   Zero   RW         3345    .bss                mem.o
    0x2000326c   0x000000f0   Zero   RW         3467    .bss                scheduler.o
    0x2000335c   0x00000004   PAD
    0x20003360   0x000002c0   Zero   RW         3831    .bss                sd.o
    0x20003620   0x00000011   Zero   RW         4012    .bss                print_uart.o
    0x20003631   0x00000003   PAD
    0x20003634   0x00000020   Zero   RW         4082    .bss                leak.o
    0x20003654   0x000000c0   Zero   RW         4243    .bss                rf.o
    0x20003714   0x0000006c   Zero   RW         4311    .bss                spi_slave.o
    0x20003780   0x00000060   Zero   RW         6408    .bss                c_w.l(libspace.o)
    0x200037e0   0x00000200   Zero   RW          440    HEAP                startup_stm32f40_41xxx.o
    0x200039e0   0x00000400   Zero   RW          439    STACK               startup_stm32f40_41xxx.o


==============================================================================

Image component sizes


      Code (inc. data)   RO Data    RW Data    ZI Data      Debug   Object Name

       164         22          0          0       8192       3301   board.o
        64         20          0          0          0        582   can1.o
        64         20          0          0          0        582   can2.o
        60         12          0          4          0       1161   clock.o
       186         30         12          0          0       5244   components.o
       268         24          0          0          0        772   context_rvds.o
       348        166          0         16          0       3386   cpuport.o
        32          4        256          0          0       1105   crc8.o
       320         38          0          5          0       2973   delay.o
       208         32          0          0        384       3462   idle.o
       392          0          0          0          0       6085   ipc.o
        64         12          0          1          0       1498   irq.o
      1808        164        290          0        128       9352   kservice.o
       208         22          0          1         32       1359   leak.o
        64          6          0          0          0        515   led.o
       336         86          0          0       3904     332103   main.o
       852        150          0         24         32       3736   mem.o
       140         24          0          0          0       1467   misc.o
       248         10          0         80          0       5254   object.o
       376         32          0          8         17       4295   print_uart.o
       252         52          0          2        192       2744   rf.o
       502         88          0         24        240       6282   scheduler.o
       456         28          0         16        704      11310   sd.o
      1264         80          0          9        108       5414   spi_slave.o
        64         26        392          0       1536        824   startup_stm32f40_41xxx.o
       240          0          0          0          0       1502   stm32f4xx_can.o
       186         32          0          0          0       4122   stm32f4xx_dma.o
        36         10          0          0          0       1076   stm32f4xx_exti.o
       236          0          0          0          0       2818   stm32f4xx_gpio.o
        18          0          0          0          0       2567   stm32f4xx_it.o
       360         42          0         16          0       5048   stm32f4xx_rcc.o
        80         14          0          0          0       3385   stm32f4xx_sdio.o
        60          0          0          0          0       2912   stm32f4xx_spi.o
       428          8          0          0          0       4685   stm32f4xx_usart.o
       532         54          0         20          0       2293   system_stm32f4xx.o
       754         36          0          0          0       9635   thread.o
       732         20          0         12          0       8908   timer.o
        28          0          0          0          0        977   usb_bsp.o
       516          0          0          0          0       7903   usb_core.o
      3702         16          0          0          0      10647   usb_hcd_int.o
        30          0          0         18          0       5181   usbh_core.o
        24          6          0          0          0        516   usbh_usr.o
         0          0          0          1          0        200   wdg.o

    ----------------------------------------------------------------------
     16730       1386        982        268      15476     489181   Object Totals
         0          0         32          0          0          0   (incl. Generated)
        28          0          0         11          7          0   (incl. Padding)

    ----------------------------------------------------------------------

      Code (inc. data)   RO Data    RW Data    ZI Data      Debug   Library Member Name

         8          0          0          0          0         68   __main.o
         0          0          0          0          0          0   __rtentry.o
        12          0          0          0          0          0   __rtentry2.o
         6          0          0          0          0          0   __rtentry4.o
        52          8          0          0          0          0   __scatter.o
        26          0          0          0          0          0   __scatter_copy.o
        28          0          0          0          0          0   __scatter_zi.o
        12          0          0          0          0         72   exit.o
         6          0          0          0          0        152   heapauxi.o
         2          0          0          0          0          0   libinit.o
         6          0          0          0          0          0   libinit2.o
         2          0          0          0          0          0   libshutdown.o
         2          0          0          0          0          0   libshutdown2.o
         8          4          0          0         96         68   libspace.o
         2          0          0          0          0          0   rtexit.o
        10          0          0          0          0          0   rtexit2.o
        74          0          0          0          0         80   sys_stackheap_outer.o
         2          0          0          0          0         68   use_no_semi.o
         2          0          0          0          0         68   use_no_semi_2.o
        10          0          0          0          0        116   fpinit.o

    ----------------------------------------------------------------------
       276         12          0          0         96        692   Library Totals
         6          0          0          0          0          0   (incl. Padding)

    ----------------------------------------------------------------------

      Code (inc. data)   RO Data    RW Data    ZI Data      Debug   Library Name

       260         12          0          0         96        576   c_w.l
        10          0          0          0          0        116   fz_wm.l

    ----------------------------------------------------------------------
       276         12          0          0         96        692   Library Totals

    ----------------------------------------------------------------------

==============================================================================


      Code (inc. data)   RO Data    RW Data    ZI Data      Debug   

     17006       1398        982        268      15572     471617   Grand Totals
     17006       1398        982        268      15572     471617   ELF Image Totals
     17006       1398        982        268          0          0   ROM Totals

==============================================================================

    Total RO  Size (Code + RO Data)                17988 (  17.57kB)
    Total RW  Size (RW Data + ZI Data)             15840 (  15.47kB)
    Total ROM Size (Code + RO Data + RW Data)      18256 (  17.83kB)

==============================================================================

