<html>
<body>
<pre>
<h1>礦ision Build Log</h1>
<h2>Tool Versions:</h2>
IDE-Version: μVision V5.14.0.0
Copyright (C) 2015 ARM Ltd and ARM Germany GmbH. All rights reserved.
License Information: acke_kobe Microsoft, Microsoft, LIC=SDAPC-7EBYY-H8AFS-LCJ42-U6XJL-NWQCY
 
Tool Versions:
Toolchain:       MDK-ARM Standard  Version: 5.14.0.0
Toolchain Path:  C:\Keil_v5\ARM\ARMCC\Bin
C Compiler:      Armcc.exe V5.05 update 1 (build 106)
Assembler:       Armasm.exe V5.05 update 1 (build 106)
Linker/Locator:  ArmLink.exe V5.05 update 1 (build 106)
Library Manager: ArmAr.exe V5.05 update 1 (build 106)
Hex Converter:   FromElf.exe V5.05 update 1 (build 106)
CPU DLL:         SARMCM3.DLL V5.14.0.0
Dialog DLL:      DCM.DLL V1.13.1.0
Target DLL:      STLink\ST-LINKIII-KEIL_SWO.dll V2.0.14.0_KEIL
Dialog DLL:      TCM.DLL V1.14.4.0
 
<h2>Project:</h2>
E:\滑翔机文档与资料\glider_code\glider_slave\USER\glider_slave.uvprojx
Project File Date:  09/18/2018

<h2>Output:</h2>
Build target 'glider_slave'
compiling main.c...
main.c(54): warning:  #177-D: variable "buf" was declared but never referenced
        u8 buf[8] = {9,5,1,7,5,3,4,6};
main.c(55): warning:  #177-D: variable "level" was declared but never referenced
        rt_base_t level;
main.c: 2 warnings, 0 errors
compiling test.c...
compiling board.c...
compiling clock.c...
compiling components.c...
compiling cpuport.c...
compiling device.c...
compiling idle.c...
compiling ipc.c...
compiling irq.c...
compiling kservice.c...
compiling mem.c...
compiling object.c...
compiling scheduler.c...
compiling thread.c...
compiling timer.c...
compiling delay.c...
compiling SD.c...
compiling print_uart.c...
compiling leak.c...
compiling DS18B20.c...
compiling RF.c...
compiling SPI_Slave.c...
compiling CAN1.c...
compiling CAN2.c...
compiling RTC.c...
compiling wdg.c...
compiling adc.c...
compiling exfuns.c...
compiling fattester.c...
..\FATFS\exfuns\fattester.c(158): warning:  #550-D: variable "fn" was set but never used
      char *fn;   /* This function is assuming non-Unicode cfg. */
..\FATFS\exfuns\fattester.c: 1 warning, 0 errors
compiling diskio.c...
compiling usbh_usr.c...
compiling CRC8.c...
compiling motor.c...
compiling Info_Record.c...
linking...
Program Size: Code=17854 RO-data=982 RW-data=268 ZI-data=15572  
FromELF: creating hex file...
"..\OBJ\glider_slave.axf" - 0 Error(s), 3 Warning(s).

<h2>Collection of Component include folders:</h2>
  E:\滑翔机文档与资料\glider_code\glider_slave\USER\RTE
  C:\Keil_v5\ARM\PACK\Keil\STM32F4xx_DFP\2.13.0

<h2>Collection of Component Files used:</h2>
</pre>
</body>
</html>
